<html>
<body>
<pre>
<h1>µVision Build Log</h1>
<h2>Tool Versions:</h2>
IDE-Version: µVision V5.23.0.0
Copyright (C) 2017 ARM Ltd and ARM Germany GmbH. All rights reserved.
License Information: deku nukem, dekunukem, LIC=2TT9U-SLY4Q-PEKH1-C1UZZ-YMS37-GJ9R5
 
Tool Versions:
Toolchain:       MDK-ARM Professional  Version: 5.23
Toolchain Path:  C:\Keil_v5\ARM\ARMCC\Bin
C Compiler:      Armcc.exe V5.06 update 4 (build 422)
Assembler:       Armasm.exe V5.06 update 4 (build 422)
Linker/Locator:  ArmLink.exe V5.06 update 4 (build 422)
Library Manager: ArmAr.exe V5.06 update 4 (build 422)
Hex Converter:   FromElf.exe V5.06 update 4 (build 422)
CPU DLL:         SARMCM3.DLL V5.23
Dialog DLL:      DARMCM1.DLL V1.17.0.0
Target DLL:      STLink\ST-LINKIII-KEIL_SWO.dll V2.0.18.0
Dialog DLL:      TARMCM1.DLL V1.12.0.0
 
<h2>Project:</h2>
C:\Users\Allen\Desktop\repos\lulboard\firmware\lul_full\MDK-ARM\lul.uvprojx
Project File Date:  08/16/2017

<h2>Output:</h2>
*** Using Compiler 'V5.06 update 4 (build 422)', folder: 'C:\Keil_v5\ARM\ARMCC\Bin'
Build target 'lul'
compiling system_stm32f0xx.c...
compiling stm32f0xx_it.c...
compiling main.c...
compiling fatfs.c...
compiling user_diskio.c...
compiling stm32f0xx_hal_msp.c...
compiling helpers.c...
compiling fonts.c...
compiling sd_util.c...
..\Src\sd_util.c(262): warning:  #546-D: transfer of control bypasses initialization of:
            variable "hcs"  (declared at line 328)
      goto err_spi;
      ^
..\Src\sd_util.c(280): warning:  #546-D: transfer of control bypasses initialization of:
            variable "hcs"  (declared at line 328)
      goto err_spi;
      ^
..\Src\sd_util.c(303): warning:  #546-D: transfer of control bypasses initialization of:
            variable "hcs"  (declared at line 328)
      goto err_spi;
      ^
..\Src\sd_util.c(266): warning:  #546-D: transfer of control bypasses initialization of:
            variable "hcs"  (declared at line 328)
      goto err;
      ^
..\Src\sd_util.c(515): warning:  #550-D: variable "b"  was set but never used
    u8 b[16];
..\Src\sd_util.c: 5 warnings, 0 errors
compiling stm32f0xx_hal_tim.c...
compiling ssd1306.c...
compiling stm32f0xx_hal_uart.c...
compiling stm32f0xx_hal.c...
compiling stm32f0xx_hal_flash_ex.c...
compiling stm32f0xx_hal_rcc.c...
compiling stm32f0xx_hal_cortex.c...
compiling stm32f0xx_hal_flash.c...
compiling stm32f0xx_hal_tim_ex.c...
compiling stm32f0xx_hal_gpio.c...
compiling stm32f0xx_hal_dma.c...
compiling stm32f0xx_hal_i2c.c...
compiling stm32f0xx_hal_i2c_ex.c...
compiling stm32f0xx_hal_uart_ex.c...
compiling stm32f0xx_hal_rcc_ex.c...
compiling stm32f0xx_hal_pwr.c...
compiling stm32f0xx_hal_pwr_ex.c...
compiling stm32f0xx_hal_spi_ex.c...
assembling startup_stm32f072xb.s...
compiling syscall.c...
compiling stm32f0xx_hal_spi.c...
compiling ff.c...
compiling diskio.c...
compiling ff_gen_drv.c...
linking...
Program Size: Code=15632 RO-data=6792 RW-data=524 ZI-data=3004  
"lul\lul.axf" - 0 Error(s), 5 Warning(s).

<h2>Software Packages used:</h2>

Package Vendor: ARM
                http://www.keil.com/pack/ARM.CMSIS.5.0.1.pack
                ARM::CMSIS:CORE:5.0.1
                CMSIS (Cortex Microcontroller Software Interface Standard)
   * Component: CORE Version: 5.0.1

<h2>Collection of Component include folders:</h2>
  .\RTE\_lul
  C:\Keil_v5\ARM\PACK\ARM\CMSIS\5.0.1\CMSIS\Include
  C:\Keil_v5\ARM\PACK\Keil\STM32F0xx_DFP\1.5.0\Device\Include

<h2>Collection of Component Files used:</h2>

   * Component: ARM::CMSIS:CORE:5.0.1
Build Time Elapsed:  00:00:24
</pre>
</body>
</html>
