<html>
<body>
<pre>
<h1>µVision Build Log</h1>
<h2>Tool Versions:</h2>
IDE-Version: µVision V5.25.2.0
Copyright (C) 2018 ARM Ltd and ARM Germany GmbH. All rights reserved.
License Information: deku nukem, dekunukem, LIC=RUUKP-MW2GS-2CZ1I-6TVFJ-CZLPV-2AW1Z
 
Tool Versions:
Toolchain:       MDK-ARM Cortex-M0/M0+ 256K for ST  Version: 5.25.2.0
Toolchain Path:  C:\Keil_v5\ARM\ARMCC\Bin
C Compiler:      Armcc.exe V5.06 update 6 (build 750)
Assembler:       Armasm.exe V5.06 update 6 (build 750)
Linker/Locator:  ArmLink.exe V5.06 update 6 (build 750)
Library Manager: ArmAr.exe V5.06 update 6 (build 750)
Hex Converter:   FromElf.exe V5.06 update 6 (build 750)
CPU DLL:         SARMCM3.DLL V5.25.2.0
Dialog DLL:      DARMCM1.DLL V1.19.1.0
Target DLL:      STLink\ST-LINKIII-KEIL_SWO.dll V3.0.1.0
Dialog DLL:      TARMCM1.DLL V1.14.0.0
 
<h2>Project:</h2>
C:\Users\allen\Desktop\repos\kbord\firmware\MDK-ARM\lul.uvprojx
Project File Date:  10/05/2018

<h2>Output:</h2>
*** Using Compiler 'V5.06 update 6 (build 750)', folder: 'C:\Keil_v5\ARM\ARMCC\Bin'
Rebuild target 'lul'
compiling stm32f0xx_hal_msp.c...
compiling system_stm32f0xx.c...
compiling ssd1306.c...
compiling fonts.c...
compiling main.c...
compiling neopixel.c...
compiling buttons.c...
compiling stm32f0xx_it.c...
compiling freertos.c...
compiling fatfs.c...
compiling user_diskio.c...
compiling sd_util.c...
..\Src\sd_util.c(262): warning:  #546-D: transfer of control bypasses initialization of:
            variable "hcs"  (declared at line 328)
      goto err_spi;
      ^
..\Src\sd_util.c(280): warning:  #546-D: transfer of control bypasses initialization of:
            variable "hcs"  (declared at line 328)
      goto err_spi;
      ^
..\Src\sd_util.c(303): warning:  #546-D: transfer of control bypasses initialization of:
            variable "hcs"  (declared at line 328)
      goto err_spi;
      ^
..\Src\sd_util.c(266): warning:  #546-D: transfer of control bypasses initialization of:
            variable "hcs"  (declared at line 328)
      goto err;
      ^
..\Src\sd_util.c(515): warning:  #550-D: variable "b"  was set but never used
    u8 b[16];
..\Src\sd_util.c: 5 warnings, 0 errors
compiling usb_device.c...
compiling usbd_desc.c...
compiling stm32f0xx_hal_timebase_TIM.c...
compiling stm32f0xx_hal.c...
compiling stm32f0xx_hal_uart.c...
compiling usbd_conf.c...
compiling animations.c...
compiling my_tasks.c...
compiling stm32f0xx_hal_flash_ex.c...
compiling keyboard.c...
compiling parser.c...
compiling stm32f0xx_hal_tim.c...
compiling stm32f0xx_hal_dma.c...
compiling stm32f0xx_hal_gpio.c...
compiling stm32f0xx_hal_rcc.c...
compiling stm32f0xx_hal_tim_ex.c...
compiling stm32f0xx_hal_i2c_ex.c...
compiling stm32f0xx_hal_cortex.c...
compiling stm32f0xx_hal_flash.c...
compiling stm32f0xx_hal_pwr_ex.c...
compiling stm32f0xx_hal_rcc_ex.c...
compiling stm32f0xx_hal_uart_ex.c...
assembling startup_stm32f072xb.s...
compiling stm32f0xx_hal_i2c.c...
compiling stm32f0xx_hal_spi_ex.c...
compiling stm32f0xx_hal_pwr.c...
compiling stm32f0xx_hal_adc_ex.c...
compiling stm32f0xx_hal_pcd_ex.c...
compiling diskio.c...
compiling syscall.c...
compiling stm32f0xx_hal_iwdg.c...
compiling event_groups.c...
compiling stm32f0xx_hal_pcd.c...
compiling stm32f0xx_hal_spi.c...
compiling timers.c...
compiling list.c...
compiling heap_1.c...
compiling stm32f0xx_hal_adc.c...
compiling cmsis_os.c...
compiling port.c...
compiling croutine.c...
compiling queue.c...
compiling tasks.c...
compiling ff.c...
compiling usbd_hid.c...
compiling usbd_ctlreq.c...
compiling usbd_ioreq.c...
compiling usbd_core.c...
compiling ccsbcs.c...
compiling ff_gen_drv.c...
linking...
Program Size: Code=42376 RO-data=5396 RW-data=588 ZI-data=15308  
FromELF: creating hex file...
"lul\lul.axf" - 0 Error(s), 5 Warning(s).

<h2>Software Packages used:</h2>

Package Vendor: ARM
                http://www.keil.com/pack/ARM.CMSIS.5.3.0.pack
                ARM.CMSIS.5.3.0
                CMSIS (Cortex Microcontroller Software Interface Standard)
   * Component: CORE Version: 5.1.1

Package Vendor: Keil
                http://www.keil.com/pack/Keil.STM32F0xx_DFP.2.0.0.pack
                Keil.STM32F0xx_DFP.2.0.0
                STMicroelectronics STM32F0 Series Device Support, Drivers and Examples

<h2>Collection of Component include folders:</h2>
  .\RTE\_lul
  C:\Keil_v5\ARM\PACK\ARM\CMSIS\5.3.0\CMSIS\Include
  C:\Keil_v5\ARM\PACK\Keil\STM32F0xx_DFP\2.0.0\Drivers\CMSIS\Device\ST\STM32F0xx\Include

<h2>Collection of Component Files used:</h2>

   * Component: ARM::CMSIS:CORE:5.1.1
Build Time Elapsed:  00:00:16
</pre>
</body>
</html>
