<html>
<body>
<pre>
<h1>µVision Build Log</h1>
<h2>Tool Versions:</h2>
IDE-Version: µVision V5.29.0.0
Copyright (C) 2019 ARM Ltd and ARM Germany GmbH. All rights reserved.
License Information: deku nukem, dekunukem, LIC=7N0AE-5G7PR-SPLG1-Q3EZ5-YXSRG-4MU7E
 
Tool Versions:
Toolchain:       MDK-ARM Cortex-M0/M0+ 256K for ST  Version: 5.29.0.0
Toolchain Path:  C:\Keil_v5\ARM\ARMCC\Bin
C Compiler:      Armcc.exe V5.06 update 6 (build 750)
Assembler:       Armasm.exe V5.06 update 6 (build 750)
Linker/Locator:  ArmLink.exe V5.06 update 6 (build 750)
Library Manager: ArmAr.exe V5.06 update 6 (build 750)
Hex Converter:   FromElf.exe V5.06 update 6 (build 750)
CPU DLL:         SARMCM3.DLL V5.29.0.0
Dialog DLL:      DARMCM1.DLL V1.19.2.0
Target DLL:      STLink\ST-LINKIII-KEIL_SWO.dll V3.0.7.0
Dialog DLL:      TARMCM1.DLL V1.14.1.0
 
<h2>Project:</h2>
C:\Users\allen\Desktop\repos\duckyPad\firmware\code\MDK-ARM\lul.uvprojx
Project File Date:  04/17/2021

<h2>Output:</h2>
*** Using Compiler 'V5.06 update 6 (build 750)', folder: 'C:\Keil_v5\ARM\ARMCC\Bin'
Build target 'lul'
compiling my_tasks.c...
..\Src\my_tasks.c(717): warning:  #167-D: argument of type "uint8_t *" is incompatible with parameter of type "const TCHAR *"
      if (f_opendir(&dir, hid_rx_buf+3) != FR_OK)
..\Src\my_tasks.c(734): warning:  #167-D: argument of type "uint8_t *" is incompatible with parameter of type "char *restrict"
        strncpy(hid_tx_buf+4, this_filename, FILENAME_SIZE);
..\Src\my_tasks.c(768): warning:  #167-D: argument of type "uint8_t *" is incompatible with parameter of type "const TCHAR *"
      if(f_open(&sd_file, hid_rx_buf+3, FA_READ) != 0)
..\Src\my_tasks.c(780): warning:  #167-D: argument of type "uint8_t *" is incompatible with parameter of type "char *restrict"
        strncpy(hid_tx_buf+3, read_buffer, bytes_read);
..\Src\my_tasks.c(738): warning:  #546-D: transfer of control bypasses initialization of:
            variable "count"  (declared at line 771)
          goto hid_read_file_end;
          ^
..\Src\my_tasks.c(769): warning:  #546-D: transfer of control bypasses initialization of:
            variable "count"  (declared at line 771)
        goto hid_read_file_end;
        ^
..\Src\my_tasks.c(818): warning:  #167-D: argument of type "uint8_t *" is incompatible with parameter of type "const TCHAR *"
      if(f_open(&sd_file, hid_rx_buf+3, FA_CREATE_ALWAYS | FA_WRITE) != 0)
..\Src\my_tasks.c(845): warning:  #167-D: argument of type "uint8_t *" is incompatible with parameter of type "const char *"
      if(f_write(&sd_file, hid_rx_buf+3, strlen(hid_rx_buf+3), &bytes_read) != 0)
..\Src\my_tasks.c(884): warning:  #167-D: argument of type "uint8_t *" is incompatible with parameter of type "const TCHAR *"
      if(f_unlink(hid_rx_buf+3) != 0)
..\Src\my_tasks.c(904): warning:  #167-D: argument of type "uint8_t *" is incompatible with parameter of type "const TCHAR *"
      if(f_mkdir(hid_rx_buf+3) != 0)
..\Src\my_tasks.c(924): warning:  #167-D: argument of type "uint8_t *" is incompatible with parameter of type "char *"
      if(delete_node(hid_rx_buf+3, HID_RX_BUF_SIZE - 3, &fno) != 0)
..\Src\my_tasks.c: 11 warnings, 0 errors
linking...
Program Size: Code=49268 RO-data=4644 RW-data=1456 ZI-data=14656  
FromELF: creating hex file...
"lul\lul.axf" - 0 Error(s), 11 Warning(s).

<h2>Software Packages used:</h2>

Package Vendor: ARM
                http://www.keil.com/pack/ARM.CMSIS.5.6.0.pack
                ARM.CMSIS.5.6.0
                CMSIS (Cortex Microcontroller Software Interface Standard)
   * Component: CORE Version: 5.3.0

Package Vendor: Keil
                http://www.keil.com/pack/Keil.STM32F0xx_DFP.2.0.0.pack
                Keil.STM32F0xx_DFP.2.0.0
                STMicroelectronics STM32F0 Series Device Support, Drivers and Examples

<h2>Collection of Component include folders:</h2>
  .\RTE\_lul
  C:\Users\allen\AppData\Local\Arm\Packs\ARM\CMSIS\5.6.0\CMSIS\Core\Include
  C:\Users\allen\AppData\Local\Arm\Packs\Keil\STM32F0xx_DFP\2.0.0\Drivers\CMSIS\Device\ST\STM32F0xx\Include

<h2>Collection of Component Files used:</h2>

   * Component: ARM::CMSIS:CORE:5.3.0
Build Time Elapsed:  00:00:02
</pre>
</body>
</html>
