<html>
<body>
<pre>
<h1>µVision Build Log</h1>
<h2>Tool Versions:</h2>
IDE-Version: µVision V5.29.0.0
Copyright (C) 2019 ARM Ltd and ARM Germany GmbH. All rights reserved.
License Information: deku nukem, dekunukem, LIC=KA39H-W2LU2-E8AXY-W5KSE-A6NJL-05QC3
 
Tool Versions:
Toolchain:       MDK-ARM Cortex-M0/M0+ for ST  Version: 5.29.0.0
Toolchain Path:  C:\Keil_v5\ARM\ARMCC\Bin
C Compiler:      Armcc.exe V5.06 update 6 (build 750)
Assembler:       Armasm.exe V5.06 update 6 (build 750)
Linker/Locator:  ArmLink.exe V5.06 update 6 (build 750)
Library Manager: ArmAr.exe V5.06 update 6 (build 750)
Hex Converter:   FromElf.exe V5.06 update 6 (build 750)
CPU DLL:         SARMCM3.DLL V5.29.0.0
Dialog DLL:      DARMCM1.DLL V1.19.2.0
Target DLL:      STLink\ST-LINKIII-KEIL_SWO.dll V3.0.7.0
Dialog DLL:      TARMCM1.DLL V1.14.1.0
 
<h2>Project:</h2>
C:\Users\allen\Desktop\repos\duckyPad\firmware\code\MDK-ARM\lul.uvprojx
Project File Date:  06/30/2023

<h2>Output:</h2>
*** Using Compiler 'V5.06 update 6 (build 750)', folder: 'C:\Keil_v5\ARM\ARMCC\Bin'
Build target 'lul'
compiling animations.c...
compiling parser.c...
..\Src\parser.c(284): warning:  #1293-D: assignment in condition
      while ((c = *str++) && (str <= end))
..\Src\parser.c(308): warning:  #167-D: argument of type "char *" is incompatible with parameter of type "uint8_t *"
    return djb2(arg_start, kw_len);
..\Src\parser.c: 2 warnings, 0 errors
compiling keyboard.c...
..\Src\keyboard.c(489): warning:  #111-D: statement is unreachable
      case 0xC2: return  (ascii);  break;
..\Src\keyboard.c(490): warning:  #111-D: statement is unreachable
      case 0xC3: return  (ascii | 0xC0);  break;
..\Src\keyboard.c(596): warning:  #1-D: last line of file ends without a newline
  }
..\Src\keyboard.c: 3 warnings, 0 errors
compiling main.c...
compiling ds3_vm.c...
compiling my_tasks.c...
..\Src\my_tasks.c(529): warning:  #167-D: argument of type "uint8_t *" is incompatible with parameter of type "const TCHAR *"
      if (f_opendir(&dir, hid_rx_buf+3) != FR_OK)
..\Src\my_tasks.c(548): warning:  #167-D: argument of type "uint8_t *" is incompatible with parameter of type "char *restrict"
        strncpy(hid_tx_buf+4, this_filename, FILENAME_SIZE);
..\Src\my_tasks.c(581): warning:  #167-D: argument of type "uint8_t *" is incompatible with parameter of type "const TCHAR *"
      if(f_open(&sd_file, hid_rx_buf+3, FA_READ) != 0)
..\Src\my_tasks.c(628): warning:  #167-D: argument of type "uint8_t *" is incompatible with parameter of type "const TCHAR *"
      if(f_open(&sd_file, hid_rx_buf+3, FA_CREATE_ALWAYS | FA_WRITE) != 0)
..\Src\my_tasks.c(695): warning:  #167-D: argument of type "uint8_t *" is incompatible with parameter of type "const TCHAR *"
      f_unlink(hid_rx_buf+3);
..\Src\my_tasks.c(714): warning:  #167-D: argument of type "uint8_t *" is incompatible with parameter of type "const TCHAR *"
      if(f_mkdir(hid_rx_buf+3) != 0)
..\Src\my_tasks.c(736): warning:  #167-D: argument of type "uint8_t *" is incompatible with parameter of type "char *"
      delete_node(hid_rx_buf+3, HID_RX_BUF_SIZE - 3, &fno);
..\Src\my_tasks.c: 7 warnings, 0 errors
linking...
Program Size: Code=46836 RO-data=2848 RW-data=1424 ZI-data=14840  
FromELF: creating hex file...
"lul\lul.axf" - 0 Error(s), 12 Warning(s).

<h2>Software Packages used:</h2>

Package Vendor: ARM
                http://www.keil.com/pack/ARM.CMSIS.5.6.0.pack
                ARM.CMSIS.5.6.0
                CMSIS (Cortex Microcontroller Software Interface Standard)
   * Component: CORE Version: 5.3.0

Package Vendor: Keil
                https://www.keil.com/pack/Keil.STM32F0xx_DFP.2.1.1.pack
                Keil.STM32F0xx_DFP.2.1.1
                STMicroelectronics STM32F0 Series Device Support, Drivers and Examples

<h2>Collection of Component include folders:</h2>
  .\RTE\_lul
  C:\Users\allen\AppData\Local\Arm\Packs\ARM\CMSIS\5.6.0\CMSIS\Core\Include
  C:\Users\allen\AppData\Local\Arm\Packs\Keil\STM32F0xx_DFP\2.1.1\Drivers\CMSIS\Device\ST\STM32F0xx\Include

<h2>Collection of Component Files used:</h2>

   * Component: ARM::CMSIS:CORE:5.3.0
Build Time Elapsed:  00:00:04
</pre>
</body>
</html>
