Component: ARM Compiler 5.06 update 4 (build 422) Tool: armlink [4d35d2]

==============================================================================

Section Cross References

    system_stm32f0xx.o(i.SystemCoreClockUpdate) refers to uidiv.o(.text) for __aeabi_uidivmod
    system_stm32f0xx.o(i.SystemCoreClockUpdate) refers to system_stm32f0xx.o(.data) for .data
    system_stm32f0xx.o(i.SystemCoreClockUpdate) refers to system_stm32f0xx.o(.constdata) for .constdata
    stm32f0xx_it.o(i.SysTick_Handler) refers to cmsis_os.o(i.osSystickHandler) for osSystickHandler
    stm32f0xx_it.o(i.TIM6_DAC_IRQHandler) refers to stm32f0xx_hal_tim.o(i.HAL_TIM_IRQHandler) for HAL_TIM_IRQHandler
    stm32f0xx_it.o(i.TIM6_DAC_IRQHandler) refers to stm32f0xx_hal_timebase_tim.o(.bss) for htim6
    main.o(i.HAL_TIM_PeriodElapsedCallback) refers to stm32f0xx_hal.o(i.HAL_IncTick) for HAL_IncTick
    main.o(i.MX_GPIO_Init) refers to stm32f0xx_hal_gpio.o(i.HAL_GPIO_WritePin) for HAL_GPIO_WritePin
    main.o(i.MX_GPIO_Init) refers to stm32f0xx_hal_gpio.o(i.HAL_GPIO_Init) for HAL_GPIO_Init
    main.o(i.MX_I2C1_Init) refers to stm32f0xx_hal_i2c.o(i.HAL_I2C_Init) for HAL_I2C_Init
    main.o(i.MX_I2C1_Init) refers to stm32f0xx_hal_i2c_ex.o(i.HAL_I2CEx_ConfigAnalogFilter) for HAL_I2CEx_ConfigAnalogFilter
    main.o(i.MX_I2C1_Init) refers to stm32f0xx_hal_i2c_ex.o(i.HAL_I2CEx_ConfigDigitalFilter) for HAL_I2CEx_ConfigDigitalFilter
    main.o(i.MX_I2C1_Init) refers to main.o(.bss) for .bss
    main.o(i.MX_SPI1_Init) refers to stm32f0xx_hal_spi.o(i.HAL_SPI_Init) for HAL_SPI_Init
    main.o(i.MX_SPI1_Init) refers to main.o(.bss) for .bss
    main.o(i.MX_USART1_UART_Init) refers to stm32f0xx_hal_uart.o(i.HAL_HalfDuplex_Init) for HAL_HalfDuplex_Init
    main.o(i.MX_USART1_UART_Init) refers to main.o(.bss) for .bss
    main.o(i.StartDefaultTask) refers to fatfs.o(i.MX_FATFS_Init) for MX_FATFS_Init
    main.o(i.StartDefaultTask) refers to cmsis_os.o(i.osDelay) for osDelay
    main.o(i.SystemClock_Config) refers to stm32f0xx_hal_rcc.o(i.HAL_RCC_OscConfig) for HAL_RCC_OscConfig
    main.o(i.SystemClock_Config) refers to stm32f0xx_hal_rcc.o(i.HAL_RCC_ClockConfig) for HAL_RCC_ClockConfig
    main.o(i.SystemClock_Config) refers to stm32f0xx_hal_rcc_ex.o(i.HAL_RCCEx_PeriphCLKConfig) for HAL_RCCEx_PeriphCLKConfig
    main.o(i.SystemClock_Config) refers to stm32f0xx_hal_rcc.o(i.HAL_RCC_GetHCLKFreq) for HAL_RCC_GetHCLKFreq
    main.o(i.SystemClock_Config) refers to uidiv.o(.text) for __aeabi_uidivmod
    main.o(i.SystemClock_Config) refers to stm32f0xx_hal_cortex.o(i.HAL_SYSTICK_Config) for HAL_SYSTICK_Config
    main.o(i.SystemClock_Config) refers to stm32f0xx_hal_cortex.o(i.HAL_SYSTICK_CLKSourceConfig) for HAL_SYSTICK_CLKSourceConfig
    main.o(i.SystemClock_Config) refers to stm32f0xx_hal_cortex.o(i.HAL_NVIC_SetPriority) for HAL_NVIC_SetPriority
    main.o(i.fputc) refers to stm32f0xx_hal_uart.o(i.HAL_UART_Transmit) for HAL_UART_Transmit
    main.o(i.fputc) refers to main.o(.bss) for .bss
    main.o(i.led_test) refers to stm32f0xx_hal_gpio.o(i.HAL_GPIO_WritePin) for HAL_GPIO_WritePin
    main.o(i.led_test) refers to stm32f0xx_hal_spi.o(i.HAL_SPI_Transmit) for HAL_SPI_Transmit
    main.o(i.led_test) refers to main.o(.bss) for .bss
    main.o(i.led_test) refers to main.o(.data) for .data
    main.o(i.main) refers to stm32f0xx_hal.o(i.HAL_Init) for HAL_Init
    main.o(i.main) refers to main.o(i.SystemClock_Config) for SystemClock_Config
    main.o(i.main) refers to main.o(i.MX_GPIO_Init) for MX_GPIO_Init
    main.o(i.main) refers to main.o(i.MX_USART1_UART_Init) for MX_USART1_UART_Init
    main.o(i.main) refers to main.o(i.MX_SPI1_Init) for MX_SPI1_Init
    main.o(i.main) refers to main.o(i.MX_I2C1_Init) for MX_I2C1_Init
    main.o(i.main) refers to memcpya.o(.text) for __aeabi_memcpy4
    main.o(i.main) refers to cmsis_os.o(i.osThreadCreate) for osThreadCreate
    main.o(i.main) refers to cmsis_os.o(i.osKernelStart) for osKernelStart
    main.o(i.main) refers to main.o(.constdata) for .constdata
    main.o(i.main) refers to main.o(.data) for .data
    main.o(.constdata) refers to main.o(.conststring) for .conststring
    main.o(.constdata) refers to main.o(i.StartDefaultTask) for StartDefaultTask
    stm32f0xx_hal_msp.o(i.HAL_I2C_MspDeInit) refers to stm32f0xx_hal_gpio.o(i.HAL_GPIO_DeInit) for HAL_GPIO_DeInit
    stm32f0xx_hal_msp.o(i.HAL_I2C_MspInit) refers to stm32f0xx_hal_gpio.o(i.HAL_GPIO_Init) for HAL_GPIO_Init
    stm32f0xx_hal_msp.o(i.HAL_MspInit) refers to stm32f0xx_hal_cortex.o(i.HAL_NVIC_SetPriority) for HAL_NVIC_SetPriority
    stm32f0xx_hal_msp.o(i.HAL_SPI_MspDeInit) refers to stm32f0xx_hal_gpio.o(i.HAL_GPIO_DeInit) for HAL_GPIO_DeInit
    stm32f0xx_hal_msp.o(i.HAL_SPI_MspInit) refers to stm32f0xx_hal_gpio.o(i.HAL_GPIO_Init) for HAL_GPIO_Init
    stm32f0xx_hal_msp.o(i.HAL_UART_MspDeInit) refers to stm32f0xx_hal_gpio.o(i.HAL_GPIO_DeInit) for HAL_GPIO_DeInit
[...]
    Removing tasks.o(i.vTaskSuspend), (124 bytes).
    Removing tasks.o(i.xTaskCheckForTimeOut), (84 bytes).
    Removing tasks.o(i.xTaskGenericNotify), (164 bytes).
    Removing tasks.o(i.xTaskGenericNotifyFromISR), (196 bytes).
    Removing tasks.o(i.xTaskGetCurrentTaskHandle), (12 bytes).
    Removing tasks.o(i.xTaskGetTickCount), (12 bytes).
    Removing tasks.o(i.xTaskGetTickCountFromISR), (12 bytes).
    Removing tasks.o(i.xTaskNotifyStateClear), (48 bytes).
    Removing tasks.o(i.xTaskNotifyWait), (124 bytes).
    Removing tasks.o(i.xTaskPriorityDisinherit), (104 bytes).
    Removing tasks.o(i.xTaskRemoveFromEventList), (100 bytes).
    Removing tasks.o(i.xTaskRemoveFromUnorderedEventList), (96 bytes).
    Removing tasks.o(i.xTaskResumeFromISR), (108 bytes).
    Removing cmsis_os.o(.rev16_text), (4 bytes).
    Removing cmsis_os.o(.revsh_text), (4 bytes).
    Removing cmsis_os.o(i.inHandlerMode), (12 bytes).
    Removing cmsis_os.o(i.makeCmsisPriority), (14 bytes).
    Removing cmsis_os.o(i.osAbortDelay), (4 bytes).
    Removing cmsis_os.o(i.osDelayUntil), (4 bytes).
    Removing cmsis_os.o(i.osKernelRunning), (18 bytes).
    Removing cmsis_os.o(i.osKernelSysTick), (22 bytes).
    Removing cmsis_os.o(i.osMailAlloc), (14 bytes).
    Removing cmsis_os.o(i.osMailCAlloc), (32 bytes).
    Removing cmsis_os.o(i.osMailCreate), (92 bytes).
    Removing cmsis_os.o(i.osMailFree), (18 bytes).
    Removing cmsis_os.o(i.osMailGet), (140 bytes).
    Removing cmsis_os.o(i.osMailPut), (88 bytes).
    Removing cmsis_os.o(i.osMessageAvailableSpace), (8 bytes).
    Removing cmsis_os.o(i.osMessageCreate), (12 bytes).
    Removing cmsis_os.o(i.osMessageDelete), (26 bytes).
    Removing cmsis_os.o(i.osMessageGet), (144 bytes).
    Removing cmsis_os.o(i.osMessagePeek), (78 bytes).
    Removing cmsis_os.o(i.osMessagePut), (88 bytes).
    Removing cmsis_os.o(i.osMessageWaiting), (26 bytes).
    Removing cmsis_os.o(i.osMutexCreate), (10 bytes).
    Removing cmsis_os.o(i.osMutexDelete), (26 bytes).
    Removing cmsis_os.o(i.osMutexRelease), (76 bytes).
    Removing cmsis_os.o(i.osMutexWait), (104 bytes).
    Removing cmsis_os.o(i.osPoolAlloc), (100 bytes).
    Removing cmsis_os.o(i.osPoolCAlloc), (20 bytes).
    Removing cmsis_os.o(i.osPoolCreate), (94 bytes).
    Removing cmsis_os.o(i.osPoolFree), (48 bytes).
    Removing cmsis_os.o(i.osRecursiveMutexCreate), (4 bytes).
    Removing cmsis_os.o(i.osRecursiveMutexRelease), (4 bytes).
    Removing cmsis_os.o(i.osRecursiveMutexWait), (4 bytes).
    Removing cmsis_os.o(i.osSemaphoreCreate), (38 bytes).
    Removing cmsis_os.o(i.osSemaphoreDelete), (26 bytes).
    Removing cmsis_os.o(i.osSemaphoreGetCount), (8 bytes).
    Removing cmsis_os.o(i.osSemaphoreRelease), (76 bytes).
    Removing cmsis_os.o(i.osSemaphoreWait), (104 bytes).
    Removing cmsis_os.o(i.osSignalSet), (88 bytes).
    Removing cmsis_os.o(i.osSignalWait), (90 bytes).
    Removing cmsis_os.o(i.osThreadGetId), (8 bytes).
    Removing cmsis_os.o(i.osThreadGetPriority), (30 bytes).
    Removing cmsis_os.o(i.osThreadList), (4 bytes).
    Removing cmsis_os.o(i.osThreadResume), (44 bytes).
    Removing cmsis_os.o(i.osThreadResumeAll), (18 bytes).
    Removing cmsis_os.o(i.osThreadSetPriority), (22 bytes).
    Removing cmsis_os.o(i.osThreadSuspend), (10 bytes).
    Removing cmsis_os.o(i.osThreadSuspendAll), (10 bytes).
    Removing cmsis_os.o(i.osThreadTerminate), (10 bytes).
    Removing cmsis_os.o(i.osThreadYield), (10 bytes).
    Removing cmsis_os.o(i.osTimerCreate), (4 bytes).
    Removing cmsis_os.o(i.osTimerDelete), (4 bytes).
    Removing cmsis_os.o(i.osTimerStart), (4 bytes).
    Removing cmsis_os.o(i.osTimerStop), (4 bytes).
    Removing queue.o(i.pcQueueGetName), (40 bytes).
    Removing queue.o(i.prvCopyDataFromQueue), (38 bytes).
    Removing queue.o(i.prvCopyDataToQueue), (112 bytes).
    Removing queue.o(i.prvIsQueueEmpty), (28 bytes).
    Removing queue.o(i.prvUnlockQueue), (112 bytes).
    Removing queue.o(i.uxQueueMessagesWaiting), (24 bytes).
    Removing queue.o(i.uxQueueMessagesWaitingFromISR), (12 bytes).
    Removing queue.o(i.uxQueueSpacesAvailable), (28 bytes).
    Removing queue.o(i.vQueueAddToRegistry), (36 bytes).
    Removing queue.o(i.vQueueDelete), (22 bytes).
    Removing queue.o(i.vQueueUnregisterQueue), (40 bytes).
    Removing queue.o(i.xQueueCreateMutex), (36 bytes).
    Removing queue.o(i.xQueueGenericCreate), (62 bytes).
    Removing queue.o(i.xQueueGenericReceive), (312 bytes).
    Removing queue.o(i.xQueueGenericReset), (108 bytes).
    Removing queue.o(i.xQueueGenericSend), (280 bytes).
    Removing queue.o(i.xQueueGenericSendFromISR), (140 bytes).
    Removing queue.o(i.xQueueGiveFromISR), (116 bytes).
    Removing queue.o(i.xQueueIsQueueEmptyFromISR), (22 bytes).
    Removing queue.o(i.xQueueIsQueueFullFromISR), (24 bytes).
    Removing queue.o(i.xQueuePeekFromISR), (76 bytes).
    Removing queue.o(i.xQueueReceiveFromISR), (120 bytes).
    Removing queue.o(.bss), (64 bytes).
    Removing dadd.o(.text), (356 bytes).
    Removing dmul.o(.text), (208 bytes).
    Removing ddiv.o(.text), (240 bytes).
    Removing dfixul.o(.text), (64 bytes).
    Removing cdrcmple.o(.text), (40 bytes).
    Removing depilogue.o(.text), (190 bytes).
    Removing stm32f0xx_hal_tim.o(i.__ARM_common_switch8), (26 bytes).
    Removing depilogue.o(i.__ARM_clz), (46 bytes).

722 unused section(s) (total 66089 bytes) removed from the image.

==============================================================================

Image Symbol Table

    Local Symbols

    Symbol Name                              Value     Ov Type        Size  Object(Section)

    ../Drivers/STM32F0xx_HAL_Driver/Src/stm32f0xx_hal.c 0x00000000   Number         0  stm32f0xx_hal.o ABSOLUTE
    ../Drivers/STM32F0xx_HAL_Driver/Src/stm32f0xx_hal_cortex.c 0x00000000   Number         0  stm32f0xx_hal_cortex.o ABSOLUTE
    ../Drivers/STM32F0xx_HAL_Driver/Src/stm32f0xx_hal_dma.c 0x00000000   Number         0  stm32f0xx_hal_dma.o ABSOLUTE
    ../Drivers/STM32F0xx_HAL_Driver/Src/stm32f0xx_hal_flash.c 0x00000000   Number         0  stm32f0xx_hal_flash.o ABSOLUTE
    ../Drivers/STM32F0xx_HAL_Driver/Src/stm32f0xx_hal_flash_ex.c 0x00000000   Number         0  stm32f0xx_hal_flash_ex.o ABSOLUTE
    ../Drivers/STM32F0xx_HAL_Driver/Src/stm32f0xx_hal_gpio.c 0x00000000   Number         0  stm32f0xx_hal_gpio.o ABSOLUTE
    ../Drivers/STM32F0xx_HAL_Driver/Src/stm32f0xx_hal_i2c.c 0x00000000   Number         0  stm32f0xx_hal_i2c.o ABSOLUTE
    ../Drivers/STM32F0xx_HAL_Driver/Src/stm32f0xx_hal_i2c_ex.c 0x00000000   Number         0  stm32f0xx_hal_i2c_ex.o ABSOLUTE
    ../Drivers/STM32F0xx_HAL_Driver/Src/stm32f0xx_hal_pwr.c 0x00000000   Number         0  stm32f0xx_hal_pwr.o ABSOLUTE
    ../Drivers/STM32F0xx_HAL_Driver/Src/stm32f0xx_hal_pwr_ex.c 0x00000000   Number         0  stm32f0xx_hal_pwr_ex.o ABSOLUTE
    ../Drivers/STM32F0xx_HAL_Driver/Src/stm32f0xx_hal_rcc.c 0x00000000   Number         0  stm32f0xx_hal_rcc.o ABSOLUTE
    ../Drivers/STM32F0xx_HAL_Driver/Src/stm32f0xx_hal_rcc_ex.c 0x00000000   Number         0  stm32f0xx_hal_rcc_ex.o ABSOLUTE
    ../Drivers/STM32F0xx_HAL_Driver/Src/stm32f0xx_hal_spi.c 0x00000000   Number         0  stm32f0xx_hal_spi.o ABSOLUTE
    ../Drivers/STM32F0xx_HAL_Driver/Src/stm32f0xx_hal_spi_ex.c 0x00000000   Number         0  stm32f0xx_hal_spi_ex.o ABSOLUTE
    ../Drivers/STM32F0xx_HAL_Driver/Src/stm32f0xx_hal_tim.c 0x00000000   Number         0  stm32f0xx_hal_tim.o ABSOLUTE
    ../Drivers/STM32F0xx_HAL_Driver/Src/stm32f0xx_hal_tim_ex.c 0x00000000   Number         0  stm32f0xx_hal_tim_ex.o ABSOLUTE
    ../Drivers/STM32F0xx_HAL_Driver/Src/stm32f0xx_hal_uart.c 0x00000000   Number         0  stm32f0xx_hal_uart.o ABSOLUTE
    ../Drivers/STM32F0xx_HAL_Driver/Src/stm32f0xx_hal_uart_ex.c 0x00000000   Number         0  stm32f0xx_hal_uart_ex.o ABSOLUTE
    ../Middlewares/Third_Party/FatFs/src/diskio.c 0x00000000   Number         0  diskio.o ABSOLUTE
    ../Middlewares/Third_Party/FatFs/src/ff.c 0x00000000   Number         0  ff.o ABSOLUTE
    ../Middlewares/Third_Party/FatFs/src/ff_gen_drv.c 0x00000000   Number         0  ff_gen_drv.o ABSOLUTE
    ../Middlewares/Third_Party/FatFs/src/option/syscall.c 0x00000000   Number         0  syscall.o ABSOLUTE
    ../Middlewares/Third_Party/FreeRTOS/Source/CMSIS_RTOS/cmsis_os.c 0x00000000   Number         0  cmsis_os.o ABSOLUTE
    ../Middlewares/Third_Party/FreeRTOS/Source/croutine.c 0x00000000   Number         0  croutine.o ABSOLUTE
    ../Middlewares/Third_Party/FreeRTOS/Source/event_groups.c 0x00000000   Number         0  event_groups.o ABSOLUTE
    ../Middlewares/Third_Party/FreeRTOS/Source/list.c 0x00000000   Number         0  list.o ABSOLUTE
    ../Middlewares/Third_Party/FreeRTOS/Source/portable/MemMang/heap_1.c 0x00000000   Number         0  heap_1.o ABSOLUTE
    ../Middlewares/Third_Party/FreeRTOS/Source/portable/RVDS/ARM_CM0/port.c 0x00000000   Number         0  port.o ABSOLUTE
    ../Middlewares/Third_Party/FreeRTOS/Source/queue.c 0x00000000   Number         0  queue.o ABSOLUTE
    ../Middlewares/Third_Party/FreeRTOS/Source/tasks.c 0x00000000   Number         0  tasks.o ABSOLUTE
    ../Middlewares/Third_Party/FreeRTOS/Source/timers.c 0x00000000   Number         0  timers.o ABSOLUTE
    ../Src/fatfs.c                           0x00000000   Number         0  fatfs.o ABSOLUTE
    ../Src/freertos.c                        0x00000000   Number         0  freertos.o ABSOLUTE
    ../Src/main.c                            0x00000000   Number         0  main.o ABSOLUTE
    ../Src/stm32f0xx_hal_msp.c               0x00000000   Number         0  stm32f0xx_hal_msp.o ABSOLUTE
    ../Src/stm32f0xx_hal_timebase_TIM.c      0x00000000   Number         0  stm32f0xx_hal_timebase_tim.o ABSOLUTE
    ../Src/stm32f0xx_it.c                    0x00000000   Number         0  stm32f0xx_it.o ABSOLUTE
    ../Src/system_stm32f0xx.c                0x00000000   Number         0  system_stm32f0xx.o ABSOLUTE
    ../Src/user_diskio.c                     0x00000000   Number         0  user_diskio.o ABSOLUTE
    ../clib/../cmprslib/zerorunl2.c          0x00000000   Number         0  __dczerorl2.o ABSOLUTE
    ../clib/microlib/division.c              0x00000000   Number         0  idiv.o ABSOLUTE
    ../clib/microlib/division.c              0x00000000   Number         0  uidiv.o ABSOLUTE
    ../clib/microlib/division.c              0x00000000   Number         0  uldiv.o ABSOLUTE
    ../clib/microlib/init/entry.s            0x00000000   Number         0  entry11b.o ABSOLUTE
    ../clib/microlib/init/entry.s            0x00000000   Number         0  entry11a.o ABSOLUTE
    ../clib/microlib/init/entry.s            0x00000000   Number         0  entry10b.o ABSOLUTE
    ../clib/microlib/init/entry.s            0x00000000   Number         0  entry.o ABSOLUTE
    ../clib/microlib/init/entry.s            0x00000000   Number         0  entry5.o ABSOLUTE
    ../clib/microlib/init/entry.s            0x00000000   Number         0  entry10a.o ABSOLUTE
    ../clib/microlib/init/entry.s            0x00000000   Number         0  entry9b.o ABSOLUTE
    ../clib/microlib/init/entry.s            0x00000000   Number         0  entry9a.o ABSOLUTE
    ../clib/microlib/init/entry.s            0x00000000   Number         0  entry8b.o ABSOLUTE
    ../clib/microlib/init/entry.s            0x00000000   Number         0  entry7b.o ABSOLUTE
    ../clib/microlib/init/entry.s            0x00000000   Number         0  entry8a.o ABSOLUTE
    ../clib/microlib/init/entry.s            0x00000000   Number         0  entry2.o ABSOLUTE
    ../clib/microlib/init/entry.s            0x00000000   Number         0  entry7a.o ABSOLUTE
    ../clib/microlib/longlong.c              0x00000000   Number         0  llsshr.o ABSOLUTE
    ../clib/microlib/longlong.c              0x00000000   Number         0  llshl.o ABSOLUTE
    ../clib/microlib/longlong.c              0x00000000   Number         0  llushr.o ABSOLUTE
    ../clib/microlib/printf/printf.c         0x00000000   Number         0  printf8.o ABSOLUTE
    ../clib/microlib/printf/printf.c         0x00000000   Number         0  printf1.o ABSOLUTE
    ../clib/microlib/printf/printf.c         0x00000000   Number         0  printf4.o ABSOLUTE
    ../clib/microlib/printf/printf.c         0x00000000   Number         0  printf2.o ABSOLUTE
    ../clib/microlib/printf/printf.c         0x00000000   Number         0  printf3.o ABSOLUTE
    ../clib/microlib/printf/printf.c         0x00000000   Number         0  printfa.o ABSOLUTE
    ../clib/microlib/printf/printf.c         0x00000000   Number         0  printf7.o ABSOLUTE
    ../clib/microlib/printf/printf.c         0x00000000   Number         0  printf6.o ABSOLUTE
    ../clib/microlib/printf/printf.c         0x00000000   Number         0  printfb.o ABSOLUTE
    ../clib/microlib/printf/printf.c         0x00000000   Number         0  printf5.o ABSOLUTE
    ../clib/microlib/printf/printf.c         0x00000000   Number         0  printf0.o ABSOLUTE
    ../clib/microlib/printf/stubs.s          0x00000000   Number         0  stubs.o ABSOLUTE
    ../clib/microlib/stdio/streams.c         0x00000000   Number         0  stdout.o ABSOLUTE
    ../clib/microlib/string/memcpy.c         0x00000000   Number         0  memcpyb.o ABSOLUTE
    ../clib/microlib/string/memcpy.c         0x00000000   Number         0  memcpya.o ABSOLUTE
    ../clib/microlib/string/memset.c         0x00000000   Number         0  memseta.o ABSOLUTE
    ../clib/microlib/stubs.s                 0x00000000   Number         0  iusefp.o ABSOLUTE
    ../clib/microlib/unhosted.c              0x00000000   Number         0  uread4.o ABSOLUTE
    ../fplib/microlib/fpadd.c                0x00000000   Number         0  dadd.o ABSOLUTE
    ../fplib/microlib/fpdiv.c                0x00000000   Number         0  ddiv.o ABSOLUTE
    ../fplib/microlib/fpepilogue.c           0x00000000   Number         0  depilogue.o ABSOLUTE
    ../fplib/microlib/fpfix.c                0x00000000   Number         0  dfixul.o ABSOLUTE
    ../fplib/microlib/fpmul.c                0x00000000   Number         0  dmul.o ABSOLUTE
    ..\Drivers\STM32F0xx_HAL_Driver\Src\stm32f0xx_hal.c 0x00000000   Number         0  stm32f0xx_hal.o ABSOLUTE
    ..\Drivers\STM32F0xx_HAL_Driver\Src\stm32f0xx_hal_cortex.c 0x00000000   Number         0  stm32f0xx_hal_cortex.o ABSOLUTE
    ..\Drivers\STM32F0xx_HAL_Driver\Src\stm32f0xx_hal_dma.c 0x00000000   Number         0  stm32f0xx_hal_dma.o ABSOLUTE
    ..\Drivers\STM32F0xx_HAL_Driver\Src\stm32f0xx_hal_flash.c 0x00000000   Number         0  stm32f0xx_hal_flash.o ABSOLUTE
    ..\Drivers\STM32F0xx_HAL_Driver\Src\stm32f0xx_hal_flash_ex.c 0x00000000   Number         0  stm32f0xx_hal_flash_ex.o ABSOLUTE
    ..\Drivers\STM32F0xx_HAL_Driver\Src\stm32f0xx_hal_gpio.c 0x00000000   Number         0  stm32f0xx_hal_gpio.o ABSOLUTE
    ..\Drivers\STM32F0xx_HAL_Driver\Src\stm32f0xx_hal_i2c.c 0x00000000   Number         0  stm32f0xx_hal_i2c.o ABSOLUTE
    ..\Drivers\STM32F0xx_HAL_Driver\Src\stm32f0xx_hal_i2c_ex.c 0x00000000   Number         0  stm32f0xx_hal_i2c_ex.o ABSOLUTE
    ..\Drivers\STM32F0xx_HAL_Driver\Src\stm32f0xx_hal_pwr.c 0x00000000   Number         0  stm32f0xx_hal_pwr.o ABSOLUTE
    ..\Drivers\STM32F0xx_HAL_Driver\Src\stm32f0xx_hal_pwr_ex.c 0x00000000   Number         0  stm32f0xx_hal_pwr_ex.o ABSOLUTE
    ..\Drivers\STM32F0xx_HAL_Driver\Src\stm32f0xx_hal_rcc.c 0x00000000   Number         0  stm32f0xx_hal_rcc.o ABSOLUTE
    ..\Drivers\STM32F0xx_HAL_Driver\Src\stm32f0xx_hal_rcc_ex.c 0x00000000   Number         0  stm32f0xx_hal_rcc_ex.o ABSOLUTE
    ..\Drivers\STM32F0xx_HAL_Driver\Src\stm32f0xx_hal_spi.c 0x00000000   Number         0  stm32f0xx_hal_spi.o ABSOLUTE
    ..\Drivers\STM32F0xx_HAL_Driver\Src\stm32f0xx_hal_spi_ex.c 0x00000000   Number         0  stm32f0xx_hal_spi_ex.o ABSOLUTE
    ..\Drivers\STM32F0xx_HAL_Driver\Src\stm32f0xx_hal_tim.c 0x00000000   Number         0  stm32f0xx_hal_tim.o ABSOLUTE
    ..\Drivers\STM32F0xx_HAL_Driver\Src\stm32f0xx_hal_tim_ex.c 0x00000000   Number         0  stm32f0xx_hal_tim_ex.o ABSOLUTE
    ..\Drivers\STM32F0xx_HAL_Driver\Src\stm32f0xx_hal_uart.c 0x00000000   Number         0  stm32f0xx_hal_uart.o ABSOLUTE
    ..\Drivers\STM32F0xx_HAL_Driver\Src\stm32f0xx_hal_uart_ex.c 0x00000000   Number         0  stm32f0xx_hal_uart_ex.o ABSOLUTE
    ..\Middlewares\Third_Party\FatFs\src\diskio.c 0x00000000   Number         0  diskio.o ABSOLUTE
    ..\Middlewares\Third_Party\FatFs\src\ff.c 0x00000000   Number         0  ff.o ABSOLUTE
    ..\Middlewares\Third_Party\FatFs\src\ff_gen_drv.c 0x00000000   Number         0  ff_gen_drv.o ABSOLUTE
    ..\Middlewares\Third_Party\FatFs\src\option\syscall.c 0x00000000   Number         0  syscall.o ABSOLUTE
    ..\Middlewares\Third_Party\FreeRTOS\Source\CMSIS_RTOS\cmsis_os.c 0x00000000   Number         0  cmsis_os.o ABSOLUTE
    ..\Middlewares\Third_Party\FreeRTOS\Source\portable\RVDS\ARM_CM0\port.c 0x00000000   Number         0  port.o ABSOLUTE
    ..\Src\fatfs.c                           0x00000000   Number         0  fatfs.o ABSOLUTE
    ..\Src\fonts.c                           0x00000000   Number         0  fonts.o ABSOLUTE
    ..\Src\helpers.c                         0x00000000   Number         0  helpers.o ABSOLUTE
    ..\Src\main.c                            0x00000000   Number         0  main.o ABSOLUTE
    ..\Src\sd_util.c                         0x00000000   Number         0  sd_util.o ABSOLUTE
    ..\Src\ssd1306.c                         0x00000000   Number         0  ssd1306.o ABSOLUTE
    ..\Src\stm32f0xx_hal_msp.c               0x00000000   Number         0  stm32f0xx_hal_msp.o ABSOLUTE
    ..\Src\stm32f0xx_hal_timebase_TIM.c      0x00000000   Number         0  stm32f0xx_hal_timebase_tim.o ABSOLUTE
    ..\Src\stm32f0xx_it.c                    0x00000000   Number         0  stm32f0xx_it.o ABSOLUTE
    ..\Src\system_stm32f0xx.c                0x00000000   Number         0  system_stm32f0xx.o ABSOLUTE
    ..\Src\user_diskio.c                     0x00000000   Number         0  user_diskio.o ABSOLUTE
    ..\\Src\\fonts.c                         0x00000000   Number         0  fonts.o ABSOLUTE
    ..\\Src\\helpers.c                       0x00000000   Number         0  helpers.o ABSOLUTE
    ..\\Src\\sd_util.c                       0x00000000   Number         0  sd_util.o ABSOLUTE
    ..\\Src\\ssd1306.c                       0x00000000   Number         0  ssd1306.o ABSOLUTE
    cdrcmple.s                               0x00000000   Number         0  cdrcmple.o ABSOLUTE
    dc.s                                     0x00000000   Number         0  dc.o ABSOLUTE
    handlers.s                               0x00000000   Number         0  handlers.o ABSOLUTE
    init.s                                   0x00000000   Number         0  init.o ABSOLUTE
    startup_stm32f072xb.s                    0x00000000   Number         0  startup_stm32f072xb.o ABSOLUTE
    RESET                                    0x08000000   Section      192  startup_stm32f072xb.o(RESET)
    .ARM.Collect$$$$00000000                 0x080000c0   Section        0  entry.o(.ARM.Collect$$$$00000000)
    .ARM.Collect$$$$00000001                 0x080000c0   Section        4  entry2.o(.ARM.Collect$$$$00000001)
    .ARM.Collect$$$$00000004                 0x080000c4   Section        4  entry5.o(.ARM.Collect$$$$00000004)
    .ARM.Collect$$$$00000008                 0x080000c8   Section        0  entry7b.o(.ARM.Collect$$$$00000008)
    .ARM.Collect$$$$0000000A                 0x080000c8   Section        0  entry8b.o(.ARM.Collect$$$$0000000A)
    .ARM.Collect$$$$0000000B                 0x080000c8   Section        8  entry9a.o(.ARM.Collect$$$$0000000B)
    .ARM.Collect$$$$0000000D                 0x080000d0   Section        0  entry10a.o(.ARM.Collect$$$$0000000D)
    .ARM.Collect$$$$0000000F                 0x080000d0   Section        0  entry11a.o(.ARM.Collect$$$$0000000F)
    .ARM.Collect$$$$00002712                 0x080000d0   Section        4  entry2.o(.ARM.Collect$$$$00002712)
    __lit__00000000                          0x080000d0   Data           4  entry2.o(.ARM.Collect$$$$00002712)
    .emb_text                                0x080000d4   Section      120  port.o(.emb_text)
    .text                                    0x0800014c   Section       28  startup_stm32f072xb.o(.text)
    .text                                    0x08000168   Section        0  uidiv.o(.text)
    .text                                    0x08000194   Section        0  idiv.o(.text)
    .text                                    0x080001bc   Section        0  llushr.o(.text)
    .text                                    0x080001de   Section        0  memcpya.o(.text)
    .text                                    0x08000202   Section        0  uldiv.o(.text)
    .text                                    0x08000264   Section       36  init.o(.text)
    .text                                    0x08000288   Section        0  llshl.o(.text)
    .text                                    0x080002a8   Section        0  __dczerorl2.o(.text)
    i.FATFS_LinkDriver                       0x080002fe   Section        0  ff_gen_drv.o(i.FATFS_LinkDriver)
    i.FATFS_LinkDriverEx                     0x08000308   Section        0  ff_gen_drv.o(i.FATFS_LinkDriverEx)
    i.HAL_Delay                              0x08000348   Section        0  stm32f0xx_hal.o(i.HAL_Delay)
    i.HAL_GPIO_DeInit                        0x08000364   Section        0  stm32f0xx_hal_gpio.o(i.HAL_GPIO_DeInit)
    i.HAL_GPIO_Init                          0x08000448   Section        0  stm32f0xx_hal_gpio.o(i.HAL_GPIO_Init)
    i.HAL_GPIO_WritePin                      0x080005a0   Section        0  stm32f0xx_hal_gpio.o(i.HAL_GPIO_WritePin)
    i.HAL_GetTick                            0x080005ac   Section        0  stm32f0xx_hal.o(i.HAL_GetTick)
    i.HAL_HalfDuplex_Init                    0x080005b8   Section        0  stm32f0xx_hal_uart.o(i.HAL_HalfDuplex_Init)
    i.HAL_I2CEx_ConfigAnalogFilter           0x0800062e   Section        0  stm32f0xx_hal_i2c_ex.o(i.HAL_I2CEx_ConfigAnalogFilter)
    i.HAL_I2CEx_ConfigDigitalFilter          0x08000678   Section        0  stm32f0xx_hal_i2c_ex.o(i.HAL_I2CEx_ConfigDigitalFilter)
    i.HAL_I2C_Init                           0x080006c0   Section        0  stm32f0xx_hal_i2c.o(i.HAL_I2C_Init)
    i.HAL_I2C_MspInit                        0x08000774   Section        0  stm32f0xx_hal_msp.o(i.HAL_I2C_MspInit)
    i.HAL_IncTick                            0x080007c0   Section        0  stm32f0xx_hal.o(i.HAL_IncTick)
    i.HAL_Init                               0x080007d0   Section        0  stm32f0xx_hal.o(i.HAL_Init)
    i.HAL_InitTick                           0x080007f0   Section        0  stm32f0xx_hal_timebase_tim.o(i.HAL_InitTick)
    i.HAL_MspInit                            0x08000868   Section        0  stm32f0xx_hal_msp.o(i.HAL_MspInit)
    i.HAL_NVIC_EnableIRQ                     0x080008a0   Section        0  stm32f0xx_hal_cortex.o(i.HAL_NVIC_EnableIRQ)
    i.HAL_NVIC_SetPriority                   0x080008b4   Section        0  stm32f0xx_hal_cortex.o(i.HAL_NVIC_SetPriority)
    i.HAL_RCCEx_PeriphCLKConfig              0x080008bc   Section        0  stm32f0xx_hal_rcc_ex.o(i.HAL_RCCEx_PeriphCLKConfig)
    i.HAL_RCC_ClockConfig                    0x080009dc   Section        0  stm32f0xx_hal_rcc.o(i.HAL_RCC_ClockConfig)
    i.HAL_RCC_GetClockConfig                 0x08000b30   Section        0  stm32f0xx_hal_rcc.o(i.HAL_RCC_GetClockConfig)
    i.HAL_RCC_GetHCLKFreq                    0x08000b68   Section        0  stm32f0xx_hal_rcc.o(i.HAL_RCC_GetHCLKFreq)
    i.HAL_RCC_GetPCLK1Freq                   0x08000b74   Section        0  stm32f0xx_hal_rcc.o(i.HAL_RCC_GetPCLK1Freq)
    i.HAL_RCC_GetSysClockFreq                0x08000b94   Section        0  stm32f0xx_hal_rcc.o(i.HAL_RCC_GetSysClockFreq)
    i.HAL_RCC_OscConfig                      0x08000c1c   Section        0  stm32f0xx_hal_rcc.o(i.HAL_RCC_OscConfig)
    i.HAL_SPI_DeInit                         0x08000ff4   Section        0  stm32f0xx_hal_spi.o(i.HAL_SPI_DeInit)
    i.HAL_SPI_Init                           0x08001024   Section        0  stm32f0xx_hal_spi.o(i.HAL_SPI_Init)
    i.HAL_SPI_MspDeInit                      0x080010dc   Section        0  stm32f0xx_hal_msp.o(i.HAL_SPI_MspDeInit)
    i.HAL_SPI_MspInit                        0x08001104   Section        0  stm32f0xx_hal_msp.o(i.HAL_SPI_MspInit)
    i.HAL_SPI_Transmit                       0x08001148   Section        0  stm32f0xx_hal_spi.o(i.HAL_SPI_Transmit)
    i.HAL_SPI_TransmitReceive                0x080012b8   Section        0  stm32f0xx_hal_spi.o(i.HAL_SPI_TransmitReceive)
    i.HAL_SYSTICK_CLKSourceConfig            0x08001500   Section        0  stm32f0xx_hal_cortex.o(i.HAL_SYSTICK_CLKSourceConfig)
    i.HAL_SYSTICK_Config                     0x08001518   Section        0  stm32f0xx_hal_cortex.o(i.HAL_SYSTICK_Config)
    i.HAL_TIMEx_BreakCallback                0x08001548   Section        0  stm32f0xx_hal_tim_ex.o(i.HAL_TIMEx_BreakCallback)
    i.HAL_TIMEx_CommutationCallback          0x0800154a   Section        0  stm32f0xx_hal_tim_ex.o(i.HAL_TIMEx_CommutationCallback)
    i.HAL_TIM_Base_Init                      0x0800154c   Section        0  stm32f0xx_hal_tim.o(i.HAL_TIM_Base_Init)
    i.HAL_TIM_Base_MspInit                   0x08001580   Section        0  stm32f0xx_hal_tim.o(i.HAL_TIM_Base_MspInit)
    i.HAL_TIM_Base_Start_IT                  0x08001582   Section        0  stm32f0xx_hal_tim.o(i.HAL_TIM_Base_Start_IT)
    i.HAL_TIM_IC_CaptureCallback             0x08001598   Section        0  stm32f0xx_hal_tim.o(i.HAL_TIM_IC_CaptureCallback)
    i.HAL_TIM_IRQHandler                     0x0800159a   Section        0  stm32f0xx_hal_tim.o(i.HAL_TIM_IRQHandler)
    i.HAL_TIM_OC_DelayElapsedCallback        0x080016fc   Section        0  stm32f0xx_hal_tim.o(i.HAL_TIM_OC_DelayElapsedCallback)
    i.HAL_TIM_PWM_PulseFinishedCallback      0x080016fe   Section        0  stm32f0xx_hal_tim.o(i.HAL_TIM_PWM_PulseFinishedCallback)
    i.HAL_TIM_PeriodElapsedCallback          0x08001700   Section        0  main.o(i.HAL_TIM_PeriodElapsedCallback)
    i.HAL_TIM_TriggerCallback                0x08001714   Section        0  stm32f0xx_hal_tim.o(i.HAL_TIM_TriggerCallback)
    i.HAL_UART_MspInit                       0x08001718   Section        0  stm32f0xx_hal_msp.o(i.HAL_UART_MspInit)
    i.HAL_UART_Transmit                      0x08001760   Section        0  stm32f0xx_hal_uart.o(i.HAL_UART_Transmit)
    i.HardFault_Handler                      0x08001828   Section        0  stm32f0xx_it.o(i.HardFault_Handler)
    i.MX_FATFS_Init                          0x0800182c   Section        0  fatfs.o(i.MX_FATFS_Init)
    i.MX_GPIO_Init                           0x08001848   Section        0  main.o(i.MX_GPIO_Init)
    MX_GPIO_Init                             0x08001849   Thumb Code   234  main.o(i.MX_GPIO_Init)
    i.MX_I2C1_Init                           0x08001950   Section        0  main.o(i.MX_I2C1_Init)
    MX_I2C1_Init                             0x08001951   Thumb Code    70  main.o(i.MX_I2C1_Init)
    i.MX_SPI1_Init                           0x080019a4   Section        0  main.o(i.MX_SPI1_Init)
    MX_SPI1_Init                             0x080019a5   Thumb Code    64  main.o(i.MX_SPI1_Init)
    i.MX_USART1_UART_Init                    0x080019ec   Section        0  main.o(i.MX_USART1_UART_Init)
    MX_USART1_UART_Init                      0x080019ed   Thumb Code    46  main.o(i.MX_USART1_UART_Init)
    i.NMI_Handler                            0x08001a24   Section        0  stm32f0xx_it.o(i.NMI_Handler)
    i.NVIC_SetPriority                       0x08001a28   Section        0  stm32f0xx_hal_cortex.o(i.NVIC_SetPriority)
    NVIC_SetPriority                         0x08001a29   Thumb Code    60  stm32f0xx_hal_cortex.o(i.NVIC_SetPriority)
    i.SPI_EndRxTxTransaction                 0x08001a6c   Section        0  stm32f0xx_hal_spi.o(i.SPI_EndRxTxTransaction)
    SPI_EndRxTxTransaction                   0x08001a6d   Thumb Code    76  stm32f0xx_hal_spi.o(i.SPI_EndRxTxTransaction)
    i.SPI_WaitFifoStateUntilTimeout          0x08001ab8   Section        0  stm32f0xx_hal_spi.o(i.SPI_WaitFifoStateUntilTimeout)
    SPI_WaitFifoStateUntilTimeout            0x08001ab9   Thumb Code   150  stm32f0xx_hal_spi.o(i.SPI_WaitFifoStateUntilTimeout)
    i.SPI_WaitFlagStateUntilTimeout          0x08001b4e   Section        0  stm32f0xx_hal_spi.o(i.SPI_WaitFlagStateUntilTimeout)
    SPI_WaitFlagStateUntilTimeout            0x08001b4f   Thumb Code   140  stm32f0xx_hal_spi.o(i.SPI_WaitFlagStateUntilTimeout)
    i.SVC_Handler                            0x08001bda   Section        0  port.o(i.SVC_Handler)
    i.StartDefaultTask                       0x08001bdc   Section        0  main.o(i.StartDefaultTask)
    i.SysTick_Handler                        0x08001be8   Section        0  stm32f0xx_it.o(i.SysTick_Handler)
    i.SystemClock_Config                     0x08001bf0   Section        0  main.o(i.SystemClock_Config)
    i.SystemInit                             0x08001c6c   Section        0  system_stm32f0xx.o(i.SystemInit)
    i.TIM6_DAC_IRQHandler                    0x08001cc8   Section        0  stm32f0xx_it.o(i.TIM6_DAC_IRQHandler)
    i.TIM_Base_SetConfig                     0x08001cd8   Section        0  stm32f0xx_hal_tim.o(i.TIM_Base_SetConfig)
    i.UART_AdvFeatureConfig                  0x08001d6c   Section        0  stm32f0xx_hal_uart.o(i.UART_AdvFeatureConfig)
    i.UART_CheckIdleState                    0x08001e38   Section        0  stm32f0xx_hal_uart.o(i.UART_CheckIdleState)
    i.UART_SetConfig                         0x08001eac   Section        0  stm32f0xx_hal_uart.o(i.UART_SetConfig)
    i.UART_WaitOnFlagUntilTimeout            0x08002008   Section        0  stm32f0xx_hal_uart.o(i.UART_WaitOnFlagUntilTimeout)
    i.USER_initialize                        0x0800206c   Section        0  user_diskio.o(i.USER_initialize)
    i.USER_ioctl                             0x0800208c   Section        0  user_diskio.o(i.USER_ioctl)
    i.USER_read                              0x080020bc   Section        0  user_diskio.o(i.USER_read)
    i.USER_status                            0x080020ec   Section        0  user_diskio.o(i.USER_status)
    i.USER_write                             0x0800210c   Section        0  user_diskio.o(i.USER_write)
    i.__0printf$8                            0x0800213c   Section        0  printf8.o(i.__0printf$8)
    i.__scatterload_copy                     0x0800215c   Section       14  handlers.o(i.__scatterload_copy)
    i.__scatterload_null                     0x0800216a   Section        2  handlers.o(i.__scatterload_null)
    i.__scatterload_zeroinit                 0x0800216c   Section       14  handlers.o(i.__scatterload_zeroinit)
    i._printf_core                           0x0800217c   Section        0  printf8.o(i._printf_core)
    _printf_core                             0x0800217d   Thumb Code  1020  printf8.o(i._printf_core)
    i._printf_post_padding                   0x080025a4   Section        0  printf8.o(i._printf_post_padding)
    _printf_post_padding                     0x080025a5   Thumb Code    32  printf8.o(i._printf_post_padding)
    i._printf_pre_padding                    0x080025c4   Section        0  printf8.o(i._printf_pre_padding)
    _printf_pre_padding                      0x080025c5   Thumb Code    44  printf8.o(i._printf_pre_padding)
    i.crc16                                  0x080025f0   Section        0  sd_util.o(i.crc16)
    i.crc7_one                               0x0800261e   Section        0  sd_util.o(i.crc7_one)
    crc7_one                                 0x0800261f   Thumb Code    24  sd_util.o(i.crc7_one)
    i.fputc                                  0x08002638   Section        0  main.o(i.fputc)
    i.hwif_init                              0x08002650   Section        0  sd_util.o(i.hwif_init)
    i.main                                   0x080026a0   Section        0  main.o(i.main)
    i.makeFreeRtosPriority                   0x080026e0   Section        0  cmsis_os.o(i.makeFreeRtosPriority)
    makeFreeRtosPriority                     0x080026e1   Thumb Code    12  cmsis_os.o(i.makeFreeRtosPriority)
    i.osDelay                                0x080026ec   Section        0  cmsis_os.o(i.osDelay)
    i.osKernelStart                          0x080026fc   Section        0  cmsis_os.o(i.osKernelStart)
    i.osSystickHandler                       0x08002706   Section        0  cmsis_os.o(i.osSystickHandler)
    i.osThreadCreate                         0x08002716   Section        0  cmsis_os.o(i.osThreadCreate)
    i.print_r1                               0x08002744   Section        0  sd_util.o(i.print_r1)
    print_r1                                 0x08002745   Thumb Code    44  sd_util.o(i.print_r1)
    i.prvAddCurrentTaskToDelayedList         0x08002788   Section        0  tasks.o(i.prvAddCurrentTaskToDelayedList)
    prvAddCurrentTaskToDelayedList           0x08002789   Thumb Code    78  tasks.o(i.prvAddCurrentTaskToDelayedList)
    i.prvAddNewTaskToReadyList               0x080027e0   Section        0  tasks.o(i.prvAddNewTaskToReadyList)
    prvAddNewTaskToReadyList                 0x080027e1   Thumb Code   176  tasks.o(i.prvAddNewTaskToReadyList)
    i.prvCheckTasksWaitingTermination        0x08002898   Section        0  tasks.o(i.prvCheckTasksWaitingTermination)
    prvCheckTasksWaitingTermination          0x08002899   Thumb Code    72  tasks.o(i.prvCheckTasksWaitingTermination)
    i.prvDeleteTCB                           0x080028e8   Section        0  tasks.o(i.prvDeleteTCB)
    prvDeleteTCB                             0x080028e9   Thumb Code    18  tasks.o(i.prvDeleteTCB)
    i.prvIdleTask                            0x080028fc   Section        0  tasks.o(i.prvIdleTask)
    prvIdleTask                              0x080028fd   Thumb Code    18  tasks.o(i.prvIdleTask)
    i.prvInitialiseNewTask                   0x08002914   Section        0  tasks.o(i.prvInitialiseNewTask)
    prvInitialiseNewTask                     0x08002915   Thumb Code   120  tasks.o(i.prvInitialiseNewTask)
    i.prvResetNextTaskUnblockTime            0x0800298c   Section        0  tasks.o(i.prvResetNextTaskUnblockTime)
    prvResetNextTaskUnblockTime              0x0800298d   Thumb Code    28  tasks.o(i.prvResetNextTaskUnblockTime)
    i.prvTaskExitError                       0x080029ac   Section        0  port.o(i.prvTaskExitError)
    prvTaskExitError                         0x080029ad   Thumb Code    14  port.o(i.prvTaskExitError)
    i.pvPortMalloc                           0x080029c0   Section        0  heap_1.o(i.pvPortMalloc)
    i.pxPortInitialiseStack                  0x08002a10   Section        0  port.o(i.pxPortInitialiseStack)
    i.sd_cmd                                 0x08002a30   Section        0  sd_util.o(i.sd_cmd)
    sd_cmd                                   0x08002a31   Thumb Code   104  sd_util.o(i.sd_cmd)
    i.sd_get_data                            0x08002a98   Section        0  sd_util.o(i.sd_get_data)
    sd_get_data                              0x08002a99   Thumb Code   104  sd_util.o(i.sd_get_data)
    i.sd_get_r1                              0x08002b30   Section        0  sd_util.o(i.sd_get_r1)
    sd_get_r1                                0x08002b31   Thumb Code    26  sd_util.o(i.sd_get_r1)
    i.sd_get_r7                              0x08002b4a   Section        0  sd_util.o(i.sd_get_r7)
    sd_get_r7                                0x08002b4b   Thumb Code    54  sd_util.o(i.sd_get_r7)
    i.sd_init                                0x08002b80   Section        0  sd_util.o(i.sd_init)
    sd_init                                  0x08002b81   Thumb Code   850  sd_util.o(i.sd_init)
    i.sd_nec                                 0x08003008   Section        0  sd_util.o(i.sd_nec)
    sd_nec                                   0x08003009   Thumb Code    18  sd_util.o(i.sd_nec)
    i.sd_put_data                            0x0800301c   Section        0  sd_util.o(i.sd_put_data)
    sd_put_data                              0x0800301d   Thumb Code   132  sd_util.o(i.sd_put_data)
    i.sd_read                                0x080030a4   Section        0  sd_util.o(i.sd_read)
    i.sd_read_cid                            0x0800310c   Section        0  sd_util.o(i.sd_read_cid)
    sd_read_cid                              0x0800310d   Thumb Code   232  sd_util.o(i.sd_read_cid)
    i.sd_read_csd                            0x08003218   Section        0  sd_util.o(i.sd_read_csd)
    sd_read_csd                              0x08003219   Thumb Code   722  sd_util.o(i.sd_read_csd)
    i.sd_read_status                         0x08003528   Section        0  sd_util.o(i.sd_read_status)
    sd_read_status                           0x08003529   Thumb Code   136  sd_util.o(i.sd_read_status)
    i.sd_readsector                          0x080035cc   Section        0  sd_util.o(i.sd_readsector)
    sd_readsector                            0x080035cd   Thumb Code   152  sd_util.o(i.sd_readsector)
    i.sd_write                               0x08003694   Section        0  sd_util.o(i.sd_write)
    i.sd_writesector                         0x080036fc   Section        0  sd_util.o(i.sd_writesector)
    sd_writesector                           0x080036fd   Thumb Code   166  sd_util.o(i.sd_writesector)
    i.spi_set_speed                          0x080037f0   Section        0  sd_util.o(i.spi_set_speed)
    spi_set_speed                            0x080037f1   Thumb Code    56  sd_util.o(i.spi_set_speed)
    i.spi_txrx                               0x0800382c   Section        0  sd_util.o(i.spi_txrx)
    spi_txrx                                 0x0800382d   Thumb Code    34  sd_util.o(i.spi_txrx)
    i.uxListRemove                           0x08003854   Section        0  list.o(i.uxListRemove)
    i.vListInitialise                        0x08003878   Section        0  list.o(i.vListInitialise)
    i.vListInitialiseItem                    0x0800388e   Section        0  list.o(i.vListInitialiseItem)
    i.vListInsert                            0x08003894   Section        0  list.o(i.vListInsert)
    i.vListInsertEnd                         0x080038c4   Section        0  list.o(i.vListInsertEnd)
    i.vPortEnterCritical                     0x080038dc   Section        0  port.o(i.vPortEnterCritical)
    i.vPortExitCritical                      0x080038f4   Section        0  port.o(i.vPortExitCritical)
    i.vPortFree                              0x08003910   Section        0  heap_1.o(i.vPortFree)
    i.vPortSetupTimerInterrupt               0x0800391c   Section        0  port.o(i.vPortSetupTimerInterrupt)
    i.vPortYield                             0x08003940   Section        0  port.o(i.vPortYield)
    i.vTaskDelay                             0x08003958   Section        0  tasks.o(i.vTaskDelay)
    i.vTaskStartScheduler                    0x08003988   Section        0  tasks.o(i.vTaskStartScheduler)
    i.vTaskSuspendAll                        0x080039d4   Section        0  tasks.o(i.vTaskSuspendAll)
    i.vTaskSwitchContext                     0x080039e4   Section        0  tasks.o(i.vTaskSwitchContext)
    i.xPortStartScheduler                    0x08003a3c   Section        0  port.o(i.xPortStartScheduler)
    i.xPortSysTickHandler                    0x08003a6c   Section        0  port.o(i.xPortSysTickHandler)
    i.xTaskCreate                            0x08003a90   Section        0  tasks.o(i.xTaskCreate)
    i.xTaskGetSchedulerState                 0x08003ae0   Section        0  tasks.o(i.xTaskGetSchedulerState)
    i.xTaskIncrementTick                     0x08003b00   Section        0  tasks.o(i.xTaskIncrementTick)
    i.xTaskResumeAll                         0x08003bbc   Section        0  tasks.o(i.xTaskResumeAll)
    .constdata                               0x08003c68   Section       16  system_stm32f0xx.o(.constdata)
    .constdata                               0x08003c78   Section        8  system_stm32f0xx.o(.constdata)
    .constdata                               0x08003c80   Section       20  main.o(.constdata)
    .constdata                               0x08003c94   Section       82  sd_util.o(.constdata)
    __func__                                 0x08003c94   Data           8  sd_util.o(.constdata)
    __func__                                 0x08003c9c   Data          12  sd_util.o(.constdata)
    __func__                                 0x08003ca8   Data          12  sd_util.o(.constdata)
    __func__                                 0x08003cb4   Data          12  sd_util.o(.constdata)
    __func__                                 0x08003cc0   Data          14  sd_util.o(.constdata)
    __func__                                 0x08003cce   Data          15  sd_util.o(.constdata)
    __func__                                 0x08003cdd   Data           9  sd_util.o(.constdata)
    .conststring                             0x08003ce8   Section       12  main.o(.conststring)
    .conststring                             0x08003cf4   Section     1140  sd_util.o(.conststring)
    .data                                    0x20000000   Section        4  system_stm32f0xx.o(.data)
    .data                                    0x20000004   Section      364  main.o(.data)
    .data                                    0x20000170   Section        1  user_diskio.o(.data)
    Stat                                     0x20000170   Data           1  user_diskio.o(.data)
    .data                                    0x20000174   Section       20  user_diskio.o(.data)
    .data                                    0x20000188   Section        5  fatfs.o(.data)
    .data                                    0x20000190   Section       88  sd_util.o(.data)
    r1_strings                               0x20000190   Data          28  sd_util.o(.data)
    r2_strings                               0x200001ac   Data          60  sd_util.o(.data)
    .data                                    0x200001e8   Section        4  stm32f0xx_hal.o(.data)
    .data                                    0x200001ec   Section        8  heap_1.o(.data)
    xNextFreeByte                            0x200001ec   Data           4  heap_1.o(.data)
    pucAlignedHeap                           0x200001f0   Data           4  heap_1.o(.data)
    .data                                    0x200001f4   Section        4  port.o(.data)
    uxCriticalNesting                        0x200001f4   Data           4  port.o(.data)
    .data                                    0x200001f8   Section       60  tasks.o(.data)
    uxDeletedTasksWaitingCleanUp             0x200001fc   Data           4  tasks.o(.data)
    uxCurrentNumberOfTasks                   0x20000200   Data           4  tasks.o(.data)
    xTickCount                               0x20000204   Data           4  tasks.o(.data)
    uxTopReadyPriority                       0x20000208   Data           4  tasks.o(.data)
    xSchedulerRunning                        0x2000020c   Data           4  tasks.o(.data)
    uxPendedTicks                            0x20000210   Data           4  tasks.o(.data)
    xYieldPending                            0x20000214   Data           4  tasks.o(.data)
    xNumOfOverflows                          0x20000218   Data           4  tasks.o(.data)
    uxTaskNumber                             0x2000021c   Data           4  tasks.o(.data)
    xNextTaskUnblockTime                     0x20000220   Data           4  tasks.o(.data)
    xIdleTaskHandle                          0x20000224   Data           4  tasks.o(.data)
    uxSchedulerSuspended                     0x20000228   Data           4  tasks.o(.data)
    pxDelayedTaskList                        0x2000022c   Data           4  tasks.o(.data)
    pxOverflowDelayedTaskList                0x20000230   Data           4  tasks.o(.data)
    .data                                    0x20000234   Section        4  stdout.o(.data)
    .bss                                     0x20000238   Section      338  main.o(.bss)
    .bss                                     0x2000038c   Section       16  user_diskio.o(.bss)
    .bss                                     0x2000039c   Section       64  stm32f0xx_hal_timebase_tim.o(.bss)
    .bss                                     0x200003dc   Section       12  ff_gen_drv.o(.bss)
    .bss                                     0x200003e8   Section     4096  heap_1.o(.bss)
    ucHeap                                   0x200003e8   Data        4096  heap_1.o(.bss)
    .bss                                     0x200013e8   Section      240  tasks.o(.bss)
    pxReadyTasksLists                        0x200013e8   Data         140  tasks.o(.bss)
    xDelayedTaskList1                        0x20001474   Data          20  tasks.o(.bss)
    xDelayedTaskList2                        0x20001488   Data          20  tasks.o(.bss)
    xPendingReadyList                        0x2000149c   Data          20  tasks.o(.bss)
    xTasksWaitingTermination                 0x200014b0   Data          20  tasks.o(.bss)
    xSuspendedTaskList                       0x200014c4   Data          20  tasks.o(.bss)
    STACK                                    0x200014d8   Section     1024  startup_stm32f072xb.o(STACK)

    Global Symbols

    Symbol Name                              Value     Ov Type        Size  Object(Section)

    BuildAttributes$$THM_ISAv3M$S$PE$A:L22$X:L11$S22$IEEE1$IW$USESV6$~STKCKD$USESV7$~SHL$OSPACE$ROPI$EBA8$MICROLIB$REQ8$PRES8$EABIv2 0x00000000   Number         0  anon$$obj.o ABSOLUTE
    __ARM_use_no_argv                        0x00000000   Number         0  main.o ABSOLUTE
    _printf_a                                0x00000000   Number         0  stubs.o ABSOLUTE
    _printf_c                                0x00000000   Number         0  stubs.o ABSOLUTE
    _printf_charcount                        0x00000000   Number         0  stubs.o ABSOLUTE
    _printf_d                                0x00000000   Number         0  stubs.o ABSOLUTE
    _printf_e                                0x00000000   Number         0  stubs.o ABSOLUTE
    _printf_f                                0x00000000   Number         0  stubs.o ABSOLUTE
    _printf_flags                            0x00000000   Number         0  stubs.o ABSOLUTE
    _printf_fp_dec                           0x00000000   Number         0  stubs.o ABSOLUTE
    _printf_fp_hex                           0x00000000   Number         0  stubs.o ABSOLUTE
    _printf_g                                0x00000000   Number         0  stubs.o ABSOLUTE
    _printf_i                                0x00000000   Number         0  stubs.o ABSOLUTE
    _printf_int_dec                          0x00000000   Number         0  stubs.o ABSOLUTE
    _printf_l                                0x00000000   Number         0  stubs.o ABSOLUTE
    _printf_lc                               0x00000000   Number         0  stubs.o ABSOLUTE
    _printf_ll                               0x00000000   Number         0  stubs.o ABSOLUTE
    _printf_lld                              0x00000000   Number         0  stubs.o ABSOLUTE
    _printf_lli                              0x00000000   Number         0  stubs.o ABSOLUTE
    _printf_llo                              0x00000000   Number         0  stubs.o ABSOLUTE
    _printf_llu                              0x00000000   Number         0  stubs.o ABSOLUTE
    _printf_llx                              0x00000000   Number         0  stubs.o ABSOLUTE
    _printf_longlong_dec                     0x00000000   Number         0  stubs.o ABSOLUTE
    _printf_longlong_hex                     0x00000000   Number         0  stubs.o ABSOLUTE
    _printf_longlong_oct                     0x00000000   Number         0  stubs.o ABSOLUTE
    _printf_ls                               0x00000000   Number         0  stubs.o ABSOLUTE
    _printf_mbtowc                           0x00000000   Number         0  stubs.o ABSOLUTE
    _printf_n                                0x00000000   Number         0  stubs.o ABSOLUTE
    _printf_o                                0x00000000   Number         0  stubs.o ABSOLUTE
    _printf_p                                0x00000000   Number         0  stubs.o ABSOLUTE
    _printf_percent                          0x00000000   Number         0  stubs.o ABSOLUTE
    _printf_pre_padding                      0x00000000   Number         0  stubs.o ABSOLUTE
    _printf_return_value                     0x00000000   Number         0  stubs.o ABSOLUTE
    _printf_s                                0x00000000   Number         0  stubs.o ABSOLUTE
    _printf_sizespec                         0x00000000   Number         0  stubs.o ABSOLUTE
    _printf_str                              0x00000000   Number         0  stubs.o ABSOLUTE
    _printf_truncate_signed                  0x00000000   Number         0  stubs.o ABSOLUTE
    _printf_truncate_unsigned                0x00000000   Number         0  stubs.o ABSOLUTE
    _printf_u                                0x00000000   Number         0  stubs.o ABSOLUTE
    _printf_wc                               0x00000000   Number         0  stubs.o ABSOLUTE
    _printf_wctomb                           0x00000000   Number         0  stubs.o ABSOLUTE
    _printf_widthprec                        0x00000000   Number         0  stubs.o ABSOLUTE
    _printf_x                                0x00000000   Number         0  stubs.o ABSOLUTE
    __cpp_initialize__aeabi_                  - Undefined Weak Reference
    __cxa_finalize                            - Undefined Weak Reference
    _clock_init                               - Undefined Weak Reference
    _microlib_exit                            - Undefined Weak Reference
    __Vectors_Size                           0x000000c0   Number         0  startup_stm32f072xb.o ABSOLUTE
    __Vectors                                0x08000000   Data           4  startup_stm32f072xb.o(RESET)
    __Vectors_End                            0x080000c0   Data           0  startup_stm32f072xb.o(RESET)
    __main                                   0x080000c1   Thumb Code     0  entry.o(.ARM.Collect$$$$00000000)
    _main_stk                                0x080000c1   Thumb Code     0  entry2.o(.ARM.Collect$$$$00000001)
    _main_scatterload                        0x080000c5   Thumb Code     0  entry5.o(.ARM.Collect$$$$00000004)
    __main_after_scatterload                 0x080000c9   Thumb Code     0  entry5.o(.ARM.Collect$$$$00000004)
    _main_clock                              0x080000c9   Thumb Code     0  entry7b.o(.ARM.Collect$$$$00000008)
    _main_cpp_init                           0x080000c9   Thumb Code     0  entry8b.o(.ARM.Collect$$$$0000000A)
    _main_init                               0x080000c9   Thumb Code     0  entry9a.o(.ARM.Collect$$$$0000000B)
    __rt_final_cpp                           0x080000d1   Thumb Code     0  entry10a.o(.ARM.Collect$$$$0000000D)
    __rt_final_exit                          0x080000d1   Thumb Code     0  entry11a.o(.ARM.Collect$$$$0000000F)
    __asm___6_port_c_39a90d8d__prvPortStartFirstTask 0x080000d5   Thumb Code    36  port.o(.emb_text)
    ulSetInterruptMaskFromISR                0x080000fd   Thumb Code     8  port.o(.emb_text)
    vClearInterruptMaskFromISR               0x08000105   Thumb Code     6  port.o(.emb_text)
    PendSV_Handler                           0x0800010b   Thumb Code    62  port.o(.emb_text)
    Reset_Handler                            0x0800014d   Thumb Code     8  startup_stm32f072xb.o(.text)
    ADC1_COMP_IRQHandler                     0x0800015f   Thumb Code     0  startup_stm32f072xb.o(.text)
    CEC_CAN_IRQHandler                       0x0800015f   Thumb Code     0  startup_stm32f072xb.o(.text)
    DMA1_Channel1_IRQHandler                 0x0800015f   Thumb Code     0  startup_stm32f072xb.o(.text)
    DMA1_Channel2_3_IRQHandler               0x0800015f   Thumb Code     0  startup_stm32f072xb.o(.text)
    DMA1_Channel4_5_6_7_IRQHandler           0x0800015f   Thumb Code     0  startup_stm32f072xb.o(.text)
    EXTI0_1_IRQHandler                       0x0800015f   Thumb Code     0  startup_stm32f072xb.o(.text)
    EXTI2_3_IRQHandler                       0x0800015f   Thumb Code     0  startup_stm32f072xb.o(.text)
    EXTI4_15_IRQHandler                      0x0800015f   Thumb Code     0  startup_stm32f072xb.o(.text)
    FLASH_IRQHandler                         0x0800015f   Thumb Code     0  startup_stm32f072xb.o(.text)
    I2C1_IRQHandler                          0x0800015f   Thumb Code     0  startup_stm32f072xb.o(.text)
    I2C2_IRQHandler                          0x0800015f   Thumb Code     0  startup_stm32f072xb.o(.text)
    PVD_VDDIO2_IRQHandler                    0x0800015f   Thumb Code     0  startup_stm32f072xb.o(.text)
    RCC_CRS_IRQHandler                       0x0800015f   Thumb Code     0  startup_stm32f072xb.o(.text)
    RTC_IRQHandler                           0x0800015f   Thumb Code     0  startup_stm32f072xb.o(.text)
    SPI1_IRQHandler                          0x0800015f   Thumb Code     0  startup_stm32f072xb.o(.text)
    SPI2_IRQHandler                          0x0800015f   Thumb Code     0  startup_stm32f072xb.o(.text)
    TIM14_IRQHandler                         0x0800015f   Thumb Code     0  startup_stm32f072xb.o(.text)
    TIM15_IRQHandler                         0x0800015f   Thumb Code     0  startup_stm32f072xb.o(.text)
    TIM16_IRQHandler                         0x0800015f   Thumb Code     0  startup_stm32f072xb.o(.text)
    TIM17_IRQHandler                         0x0800015f   Thumb Code     0  startup_stm32f072xb.o(.text)
    TIM1_BRK_UP_TRG_COM_IRQHandler           0x0800015f   Thumb Code     0  startup_stm32f072xb.o(.text)
    TIM1_CC_IRQHandler                       0x0800015f   Thumb Code     0  startup_stm32f072xb.o(.text)
    TIM2_IRQHandler                          0x0800015f   Thumb Code     0  startup_stm32f072xb.o(.text)
    TIM3_IRQHandler                          0x0800015f   Thumb Code     0  startup_stm32f072xb.o(.text)
    TIM7_IRQHandler                          0x0800015f   Thumb Code     0  startup_stm32f072xb.o(.text)
    TSC_IRQHandler                           0x0800015f   Thumb Code     0  startup_stm32f072xb.o(.text)
    USART1_IRQHandler                        0x0800015f   Thumb Code     0  startup_stm32f072xb.o(.text)
    USART2_IRQHandler                        0x0800015f   Thumb Code     0  startup_stm32f072xb.o(.text)
    USART3_4_IRQHandler                      0x0800015f   Thumb Code     0  startup_stm32f072xb.o(.text)
    USB_IRQHandler                           0x0800015f   Thumb Code     0  startup_stm32f072xb.o(.text)
    WWDG_IRQHandler                          0x0800015f   Thumb Code     0  startup_stm32f072xb.o(.text)
    __aeabi_uidiv                            0x08000169   Thumb Code     0  uidiv.o(.text)
    __aeabi_uidivmod                         0x08000169   Thumb Code    44  uidiv.o(.text)
    __aeabi_idiv                             0x08000195   Thumb Code     0  idiv.o(.text)
    __aeabi_idivmod                          0x08000195   Thumb Code    40  idiv.o(.text)
    __aeabi_llsr                             0x080001bd   Thumb Code    34  llushr.o(.text)
    _ll_ushift_r                             0x080001bd   Thumb Code     0  llushr.o(.text)
    __aeabi_memcpy                           0x080001df   Thumb Code    36  memcpya.o(.text)
    __aeabi_memcpy4                          0x080001df   Thumb Code     0  memcpya.o(.text)
    __aeabi_memcpy8                          0x080001df   Thumb Code     0  memcpya.o(.text)
    __aeabi_uldivmod                         0x08000203   Thumb Code    96  uldiv.o(.text)
    __scatterload                            0x08000265   Thumb Code    28  init.o(.text)
    __scatterload_rt2                        0x08000265   Thumb Code     0  init.o(.text)
    __aeabi_llsl                             0x08000289   Thumb Code    32  llshl.o(.text)
    _ll_shift_l                              0x08000289   Thumb Code     0  llshl.o(.text)
    __decompress                             0x080002a9   Thumb Code     0  __dczerorl2.o(.text)
    __decompress1                            0x080002a9   Thumb Code    86  __dczerorl2.o(.text)
    FATFS_LinkDriver                         0x080002ff   Thumb Code    10  ff_gen_drv.o(i.FATFS_LinkDriver)
    FATFS_LinkDriverEx                       0x08000309   Thumb Code    60  ff_gen_drv.o(i.FATFS_LinkDriverEx)
    HAL_Delay                                0x08000349   Thumb Code    28  stm32f0xx_hal.o(i.HAL_Delay)
    HAL_GPIO_DeInit                          0x08000365   Thumb Code   202  stm32f0xx_hal_gpio.o(i.HAL_GPIO_DeInit)
    HAL_GPIO_Init                            0x08000449   Thumb Code   314  stm32f0xx_hal_gpio.o(i.HAL_GPIO_Init)
    HAL_GPIO_WritePin                        0x080005a1   Thumb Code    12  stm32f0xx_hal_gpio.o(i.HAL_GPIO_WritePin)
    HAL_GetTick                              0x080005ad   Thumb Code     6  stm32f0xx_hal.o(i.HAL_GetTick)
    HAL_HalfDuplex_Init                      0x080005b9   Thumb Code   118  stm32f0xx_hal_uart.o(i.HAL_HalfDuplex_Init)
    HAL_I2CEx_ConfigAnalogFilter             0x0800062f   Thumb Code    74  stm32f0xx_hal_i2c_ex.o(i.HAL_I2CEx_ConfigAnalogFilter)
    HAL_I2CEx_ConfigDigitalFilter            0x08000679   Thumb Code    72  stm32f0xx_hal_i2c_ex.o(i.HAL_I2CEx_ConfigDigitalFilter)
    HAL_I2C_Init                             0x080006c1   Thumb Code   176  stm32f0xx_hal_i2c.o(i.HAL_I2C_Init)
    HAL_I2C_MspInit                          0x08000775   Thumb Code    62  stm32f0xx_hal_msp.o(i.HAL_I2C_MspInit)
    HAL_IncTick                              0x080007c1   Thumb Code    10  stm32f0xx_hal.o(i.HAL_IncTick)
    HAL_Init                                 0x080007d1   Thumb Code    26  stm32f0xx_hal.o(i.HAL_Init)
    HAL_InitTick                             0x080007f1   Thumb Code    98  stm32f0xx_hal_timebase_tim.o(i.HAL_InitTick)
    HAL_MspInit                              0x08000869   Thumb Code    50  stm32f0xx_hal_msp.o(i.HAL_MspInit)
    HAL_NVIC_EnableIRQ                       0x080008a1   Thumb Code    14  stm32f0xx_hal_cortex.o(i.HAL_NVIC_EnableIRQ)
    HAL_NVIC_SetPriority                     0x080008b5   Thumb Code     8  stm32f0xx_hal_cortex.o(i.HAL_NVIC_SetPriority)
    HAL_RCCEx_PeriphCLKConfig                0x080008bd   Thumb Code   274  stm32f0xx_hal_rcc_ex.o(i.HAL_RCCEx_PeriphCLKConfig)
    HAL_RCC_ClockConfig                      0x080009dd   Thumb Code   320  stm32f0xx_hal_rcc.o(i.HAL_RCC_ClockConfig)
    HAL_RCC_GetClockConfig                   0x08000b31   Thumb Code    46  stm32f0xx_hal_rcc.o(i.HAL_RCC_GetClockConfig)
    HAL_RCC_GetHCLKFreq                      0x08000b69   Thumb Code     6  stm32f0xx_hal_rcc.o(i.HAL_RCC_GetHCLKFreq)
    HAL_RCC_GetPCLK1Freq                     0x08000b75   Thumb Code    20  stm32f0xx_hal_rcc.o(i.HAL_RCC_GetPCLK1Freq)
    HAL_RCC_GetSysClockFreq                  0x08000b95   Thumb Code    90  stm32f0xx_hal_rcc.o(i.HAL_RCC_GetSysClockFreq)
    HAL_RCC_OscConfig                        0x08000c1d   Thumb Code   966  stm32f0xx_hal_rcc.o(i.HAL_RCC_OscConfig)
    HAL_SPI_DeInit                           0x08000ff5   Thumb Code    48  stm32f0xx_hal_spi.o(i.HAL_SPI_DeInit)
    HAL_SPI_Init                             0x08001025   Thumb Code   184  stm32f0xx_hal_spi.o(i.HAL_SPI_Init)
    HAL_SPI_MspDeInit                        0x080010dd   Thumb Code    32  stm32f0xx_hal_msp.o(i.HAL_SPI_MspDeInit)
    HAL_SPI_MspInit                          0x08001105   Thumb Code    60  stm32f0xx_hal_msp.o(i.HAL_SPI_MspInit)
    HAL_SPI_Transmit                         0x08001149   Thumb Code   368  stm32f0xx_hal_spi.o(i.HAL_SPI_Transmit)
    HAL_SPI_TransmitReceive                  0x080012b9   Thumb Code   584  stm32f0xx_hal_spi.o(i.HAL_SPI_TransmitReceive)
    HAL_SYSTICK_CLKSourceConfig              0x08001501   Thumb Code    20  stm32f0xx_hal_cortex.o(i.HAL_SYSTICK_CLKSourceConfig)
    HAL_SYSTICK_Config                       0x08001519   Thumb Code    38  stm32f0xx_hal_cortex.o(i.HAL_SYSTICK_Config)
    HAL_TIMEx_BreakCallback                  0x08001549   Thumb Code     2  stm32f0xx_hal_tim_ex.o(i.HAL_TIMEx_BreakCallback)
    HAL_TIMEx_CommutationCallback            0x0800154b   Thumb Code     2  stm32f0xx_hal_tim_ex.o(i.HAL_TIMEx_CommutationCallback)
    HAL_TIM_Base_Init                        0x0800154d   Thumb Code    52  stm32f0xx_hal_tim.o(i.HAL_TIM_Base_Init)
    HAL_TIM_Base_MspInit                     0x08001581   Thumb Code     2  stm32f0xx_hal_tim.o(i.HAL_TIM_Base_MspInit)
    HAL_TIM_Base_Start_IT                    0x08001583   Thumb Code    22  stm32f0xx_hal_tim.o(i.HAL_TIM_Base_Start_IT)
    HAL_TIM_IC_CaptureCallback               0x08001599   Thumb Code     2  stm32f0xx_hal_tim.o(i.HAL_TIM_IC_CaptureCallback)
    HAL_TIM_IRQHandler                       0x0800159b   Thumb Code   354  stm32f0xx_hal_tim.o(i.HAL_TIM_IRQHandler)
    HAL_TIM_OC_DelayElapsedCallback          0x080016fd   Thumb Code     2  stm32f0xx_hal_tim.o(i.HAL_TIM_OC_DelayElapsedCallback)
    HAL_TIM_PWM_PulseFinishedCallback        0x080016ff   Thumb Code     2  stm32f0xx_hal_tim.o(i.HAL_TIM_PWM_PulseFinishedCallback)
    HAL_TIM_PeriodElapsedCallback            0x08001701   Thumb Code    16  main.o(i.HAL_TIM_PeriodElapsedCallback)
    HAL_TIM_TriggerCallback                  0x08001715   Thumb Code     2  stm32f0xx_hal_tim.o(i.HAL_TIM_TriggerCallback)
    HAL_UART_MspInit                         0x08001719   Thumb Code    62  stm32f0xx_hal_msp.o(i.HAL_UART_MspInit)
    HAL_UART_Transmit                        0x08001761   Thumb Code   200  stm32f0xx_hal_uart.o(i.HAL_UART_Transmit)
    HardFault_Handler                        0x08001829   Thumb Code     2  stm32f0xx_it.o(i.HardFault_Handler)
    MX_FATFS_Init                            0x0800182d   Thumb Code    18  fatfs.o(i.MX_FATFS_Init)
    NMI_Handler                              0x08001a25   Thumb Code     2  stm32f0xx_it.o(i.NMI_Handler)
    SVC_Handler                              0x08001bdb   Thumb Code     2  port.o(i.SVC_Handler)
    StartDefaultTask                         0x08001bdd   Thumb Code    12  main.o(i.StartDefaultTask)
    SysTick_Handler                          0x08001be9   Thumb Code     8  stm32f0xx_it.o(i.SysTick_Handler)
    SystemClock_Config                       0x08001bf1   Thumb Code   124  main.o(i.SystemClock_Config)
    SystemInit                               0x08001c6d   Thumb Code    76  system_stm32f0xx.o(i.SystemInit)
    TIM6_DAC_IRQHandler                      0x08001cc9   Thumb Code    10  stm32f0xx_it.o(i.TIM6_DAC_IRQHandler)
    TIM_Base_SetConfig                       0x08001cd9   Thumb Code   124  stm32f0xx_hal_tim.o(i.TIM_Base_SetConfig)
    UART_AdvFeatureConfig                    0x08001d6d   Thumb Code   202  stm32f0xx_hal_uart.o(i.UART_AdvFeatureConfig)
    UART_CheckIdleState                      0x08001e39   Thumb Code   102  stm32f0xx_hal_uart.o(i.UART_CheckIdleState)
    UART_SetConfig                           0x08001ead   Thumb Code   316  stm32f0xx_hal_uart.o(i.UART_SetConfig)
    UART_WaitOnFlagUntilTimeout              0x08002009   Thumb Code    98  stm32f0xx_hal_uart.o(i.UART_WaitOnFlagUntilTimeout)
    USER_initialize                          0x0800206d   Thumb Code    22  user_diskio.o(i.USER_initialize)
    USER_ioctl                               0x0800208d   Thumb Code    42  user_diskio.o(i.USER_ioctl)
    USER_read                                0x080020bd   Thumb Code    42  user_diskio.o(i.USER_read)
    USER_status                              0x080020ed   Thumb Code    22  user_diskio.o(i.USER_status)
    USER_write                               0x0800210d   Thumb Code    42  user_diskio.o(i.USER_write)
    __0printf$8                              0x0800213d   Thumb Code    24  printf8.o(i.__0printf$8)
    __1printf$8                              0x0800213d   Thumb Code     0  printf8.o(i.__0printf$8)
    __2printf                                0x0800213d   Thumb Code     0  printf8.o(i.__0printf$8)
    __scatterload_copy                       0x0800215d   Thumb Code    14  handlers.o(i.__scatterload_copy)
    __scatterload_null                       0x0800216b   Thumb Code     2  handlers.o(i.__scatterload_null)
    __scatterload_zeroinit                   0x0800216d   Thumb Code    14  handlers.o(i.__scatterload_zeroinit)
    crc16                                    0x080025f1   Thumb Code    46  sd_util.o(i.crc16)
    fputc                                    0x08002639   Thumb Code    18  main.o(i.fputc)
    hwif_init                                0x08002651   Thumb Code    78  sd_util.o(i.hwif_init)
    main                                     0x080026a1   Thumb Code    54  main.o(i.main)
    osDelay                                  0x080026ed   Thumb Code    16  cmsis_os.o(i.osDelay)
    osKernelStart                            0x080026fd   Thumb Code    10  cmsis_os.o(i.osKernelStart)
    osSystickHandler                         0x08002707   Thumb Code    16  cmsis_os.o(i.osSystickHandler)
    osThreadCreate                           0x08002717   Thumb Code    46  cmsis_os.o(i.osThreadCreate)
    pvPortMalloc                             0x080029c1   Thumb Code    68  heap_1.o(i.pvPortMalloc)
    pxPortInitialiseStack                    0x08002a11   Thumb Code    28  port.o(i.pxPortInitialiseStack)
    sd_read                                  0x080030a5   Thumb Code    66  sd_util.o(i.sd_read)
    sd_write                                 0x08003695   Thumb Code    66  sd_util.o(i.sd_write)
    uxListRemove                             0x08003855   Thumb Code    36  list.o(i.uxListRemove)
    vListInitialise                          0x08003879   Thumb Code    22  list.o(i.vListInitialise)
    vListInitialiseItem                      0x0800388f   Thumb Code     6  list.o(i.vListInitialiseItem)
    vListInsert                              0x08003895   Thumb Code    48  list.o(i.vListInsert)
    vListInsertEnd                           0x080038c5   Thumb Code    24  list.o(i.vListInsertEnd)
    vPortEnterCritical                       0x080038dd   Thumb Code    20  port.o(i.vPortEnterCritical)
    vPortExitCritical                        0x080038f5   Thumb Code    22  port.o(i.vPortExitCritical)
    vPortFree                                0x08003911   Thumb Code    10  heap_1.o(i.vPortFree)
    vPortSetupTimerInterrupt                 0x0800391d   Thumb Code    26  port.o(i.vPortSetupTimerInterrupt)
    vPortYield                               0x08003941   Thumb Code    18  port.o(i.vPortYield)
    vTaskDelay                               0x08003959   Thumb Code    44  tasks.o(i.vTaskDelay)
    vTaskStartScheduler                      0x08003989   Thumb Code    58  tasks.o(i.vTaskStartScheduler)
    vTaskSuspendAll                          0x080039d5   Thumb Code    10  tasks.o(i.vTaskSuspendAll)
    vTaskSwitchContext                       0x080039e5   Thumb Code    78  tasks.o(i.vTaskSwitchContext)
    xPortStartScheduler                      0x08003a3d   Thumb Code    40  port.o(i.xPortStartScheduler)
    xPortSysTickHandler                      0x08003a6d   Thumb Code    32  port.o(i.xPortSysTickHandler)
    xTaskCreate                              0x08003a91   Thumb Code    78  tasks.o(i.xTaskCreate)
    xTaskGetSchedulerState                   0x08003ae1   Thumb Code    26  tasks.o(i.xTaskGetSchedulerState)
    xTaskIncrementTick                       0x08003b01   Thumb Code   180  tasks.o(i.xTaskIncrementTick)
    xTaskResumeAll                           0x08003bbd   Thumb Code   164  tasks.o(i.xTaskResumeAll)
    AHBPrescTable                            0x08003c68   Data          16  system_stm32f0xx.o(.constdata)
    APBPrescTable                            0x08003c78   Data           8  system_stm32f0xx.o(.constdata)
    Region$$Table$$Base                      0x08004168   Number         0  anon$$obj.o(Region$$Table)
    Region$$Table$$Limit                     0x08004188   Number         0  anon$$obj.o(Region$$Table)
    SystemCoreClock                          0x20000000   Data           4  system_stm32f0xx.o(.data)
    defaultTaskHandle                        0x20000004   Data           4  main.o(.data)
    spi_buf                                  0x20000008   Data         360  main.o(.data)
    USER_Driver                              0x20000174   Data          20  user_diskio.o(.data)
    retUSER                                  0x20000188   Data           1  fatfs.o(.data)
    USER_Path                                0x20000189   Data           4  fatfs.o(.data)
    uwTick                                   0x200001e8   Data           4  stm32f0xx_hal.o(.data)
    pxCurrentTCB                             0x200001f8   Data           4  tasks.o(.data)
    __stdout                                 0x20000234   Data           4  stdout.o(.data)
    hi2c1                                    0x20000238   Data          76  main.o(.bss)
    hspi1                                    0x20000284   Data         100  main.o(.bss)
    huart1                                   0x200002e8   Data         112  main.o(.bss)
    ws_reset_buf                             0x20000358   Data          50  main.o(.bss)
    hw                                       0x2000038c   Data          16  user_diskio.o(.bss)
    htim6                                    0x2000039c   Data          64  stm32f0xx_hal_timebase_tim.o(.bss)
    disk                                     0x200003dc   Data          12  ff_gen_drv.o(.bss)
    __initial_sp                             0x200018d8   Data           0  startup_stm32f072xb.o(STACK)



==============================================================================

Memory Map of the image

  Image Entry point : 0x080000c1

  Load Region LR_IROM1 (Base: 0x08000000, Size: 0x000043c0, Max: 0x00010000, ABSOLUTE, COMPRESSED[0x000041ec])

    Execution Region ER_IROM1 (Base: 0x08000000, Size: 0x00004188, Max: 0x00010000, ABSOLUTE)

    Base Addr    Size         Type   Attr      Idx    E Section Name        Object

    0x08000000   0x000000c0   Data   RO         3811    RESET               startup_stm32f072xb.o
    0x080000c0   0x00000000   Code   RO         5293  * .ARM.Collect$$$$00000000  mc_p.l(entry.o)
    0x080000c0   0x00000004   Code   RO         5571    .ARM.Collect$$$$00000001  mc_p.l(entry2.o)
    0x080000c4   0x00000004   Code   RO         5574    .ARM.Collect$$$$00000004  mc_p.l(entry5.o)
    0x080000c8   0x00000000   Code   RO         5576    .ARM.Collect$$$$00000008  mc_p.l(entry7b.o)
    0x080000c8   0x00000000   Code   RO         5578    .ARM.Collect$$$$0000000A  mc_p.l(entry8b.o)
    0x080000c8   0x00000008   Code   RO         5579    .ARM.Collect$$$$0000000B  mc_p.l(entry9a.o)
    0x080000d0   0x00000000   Code   RO         5581    .ARM.Collect$$$$0000000D  mc_p.l(entry10a.o)
    0x080000d0   0x00000000   Code   RO         5583    .ARM.Collect$$$$0000000F  mc_p.l(entry11a.o)
    0x080000d0   0x00000004   Code   RO         5572    .ARM.Collect$$$$00002712  mc_p.l(entry2.o)
    0x080000d4   0x00000078   Code   RO         4398    .emb_text           port.o
    0x0800014c   0x0000001c   Code   RO         3812    .text               startup_stm32f072xb.o
    0x08000168   0x0000002c   Code   RO         5296    .text               mc_p.l(uidiv.o)
    0x08000194   0x00000028   Code   RO         5298    .text               mc_p.l(idiv.o)
    0x080001bc   0x00000022   Code   RO         5300    .text               mc_p.l(llushr.o)
    0x080001de   0x00000024   Code   RO         5302    .text               mc_p.l(memcpya.o)
    0x08000202   0x00000060   Code   RO         5586    .text               mc_p.l(uldiv.o)
    0x08000262   0x00000002   PAD
    0x08000264   0x00000024   Code   RO         5599    .text               mc_p.l(init.o)
    0x08000288   0x00000020   Code   RO         5601    .text               mc_p.l(llshl.o)
    0x080002a8   0x00000056   Code   RO         5617    .text               mc_p.l(__dczerorl2.o)
    0x080002fe   0x0000000a   Code   RO         4256    i.FATFS_LinkDriver  ff_gen_drv.o
    0x08000308   0x00000040   Code   RO         4257    i.FATFS_LinkDriverEx  ff_gen_drv.o
    0x08000348   0x0000001c   Code   RO         1795    i.HAL_Delay         stm32f0xx_hal.o
    0x08000364   0x000000e4   Code   RO         2534    i.HAL_GPIO_DeInit   stm32f0xx_hal_gpio.o
    0x08000448   0x00000158   Code   RO         2537    i.HAL_GPIO_Init     stm32f0xx_hal_gpio.o
    0x080005a0   0x0000000c   Code   RO         2541    i.HAL_GPIO_WritePin  stm32f0xx_hal_gpio.o
    0x080005ac   0x0000000c   Code   RO         1799    i.HAL_GetTick       stm32f0xx_hal.o
    0x080005b8   0x00000076   Code   RO         1454    i.HAL_HalfDuplex_Init  stm32f0xx_hal_uart.o
    0x0800062e   0x0000004a   Code   RO         3116    i.HAL_I2CEx_ConfigAnalogFilter  stm32f0xx_hal_i2c_ex.o
    0x08000678   0x00000048   Code   RO         3117    i.HAL_I2CEx_ConfigDigitalFilter  stm32f0xx_hal_i2c_ex.o
    0x080006c0   0x000000b4   Code   RO         2703    i.HAL_I2C_Init      stm32f0xx_hal_i2c.o
    0x08000774   0x0000004c   Code   RO          344    i.HAL_I2C_MspInit   stm32f0xx_hal_msp.o
    0x080007c0   0x00000010   Code   RO         1803    i.HAL_IncTick       stm32f0xx_hal.o
    0x080007d0   0x00000020   Code   RO         1804    i.HAL_Init          stm32f0xx_hal.o
    0x080007f0   0x00000078   Code   RO          775    i.HAL_InitTick      stm32f0xx_hal_timebase_tim.o
    0x08000868   0x00000038   Code   RO          345    i.HAL_MspInit       stm32f0xx_hal_msp.o
    0x080008a0   0x00000014   Code   RO         2201    i.HAL_NVIC_EnableIRQ  stm32f0xx_hal_cortex.o
    0x080008b4   0x00000008   Code   RO         2205    i.HAL_NVIC_SetPriority  stm32f0xx_hal_cortex.o
    0x080008bc   0x00000120   Code   RO         3239    i.HAL_RCCEx_PeriphCLKConfig  stm32f0xx_hal_rcc_ex.o
    0x080009dc   0x00000154   Code   RO         2009    i.HAL_RCC_ClockConfig  stm32f0xx_hal_rcc.o
    0x08000b30   0x00000038   Code   RO         2013    i.HAL_RCC_GetClockConfig  stm32f0xx_hal_rcc.o
    0x08000b68   0x0000000c   Code   RO         2014    i.HAL_RCC_GetHCLKFreq  stm32f0xx_hal_rcc.o
    0x08000b74   0x00000020   Code   RO         2016    i.HAL_RCC_GetPCLK1Freq  stm32f0xx_hal_rcc.o
    0x08000b94   0x00000088   Code   RO         2017    i.HAL_RCC_GetSysClockFreq  stm32f0xx_hal_rcc.o
    0x08000c1c   0x000003d8   Code   RO         2020    i.HAL_RCC_OscConfig  stm32f0xx_hal_rcc.o
    0x08000ff4   0x00000030   Code   RO         3494    i.HAL_SPI_DeInit    stm32f0xx_hal_spi.o
    0x08001024   0x000000b8   Code   RO         3499    i.HAL_SPI_Init      stm32f0xx_hal_spi.o
    0x080010dc   0x00000028   Code   RO          346    i.HAL_SPI_MspDeInit  stm32f0xx_hal_msp.o
    0x08001104   0x00000044   Code   RO          347    i.HAL_SPI_MspInit   stm32f0xx_hal_msp.o
    0x08001148   0x00000170   Code   RO         3507    i.HAL_SPI_Transmit  stm32f0xx_hal_spi.o
    0x080012b8   0x00000248   Code   RO         3508    i.HAL_SPI_TransmitReceive  stm32f0xx_hal_spi.o
    0x08001500   0x00000018   Code   RO         2207    i.HAL_SYSTICK_CLKSourceConfig  stm32f0xx_hal_cortex.o
    0x08001518   0x00000030   Code   RO         2209    i.HAL_SYSTICK_Config  stm32f0xx_hal_cortex.o
    0x08001548   0x00000002   Code   RO         2293    i.HAL_TIMEx_BreakCallback  stm32f0xx_hal_tim_ex.o
    0x0800154a   0x00000002   Code   RO         2294    i.HAL_TIMEx_CommutationCallback  stm32f0xx_hal_tim_ex.o
    0x0800154c   0x00000034   Code   RO          813    i.HAL_TIM_Base_Init  stm32f0xx_hal_tim.o
    0x08001580   0x00000002   Code   RO          815    i.HAL_TIM_Base_MspInit  stm32f0xx_hal_tim.o
    0x08001582   0x00000016   Code   RO          818    i.HAL_TIM_Base_Start_IT  stm32f0xx_hal_tim.o
    0x08001598   0x00000002   Code   RO          844    i.HAL_TIM_IC_CaptureCallback  stm32f0xx_hal_tim.o
    0x0800159a   0x00000162   Code   RO          857    i.HAL_TIM_IRQHandler  stm32f0xx_hal_tim.o
    0x080016fc   0x00000002   Code   RO          860    i.HAL_TIM_OC_DelayElapsedCallback  stm32f0xx_hal_tim.o
    0x080016fe   0x00000002   Code   RO          887    i.HAL_TIM_PWM_PulseFinishedCallback  stm32f0xx_hal_tim.o
    0x08001700   0x00000014   Code   RO          225    i.HAL_TIM_PeriodElapsedCallback  main.o
    0x08001714   0x00000002   Code   RO          898    i.HAL_TIM_TriggerCallback  stm32f0xx_hal_tim.o
    0x08001716   0x00000002   PAD
    0x08001718   0x00000048   Code   RO          349    i.HAL_UART_MspInit  stm32f0xx_hal_msp.o
    0x08001760   0x000000c8   Code   RO         1484    i.HAL_UART_Transmit  stm32f0xx_hal_uart.o
    0x08001828   0x00000002   Code   RO          134    i.HardFault_Handler  stm32f0xx_it.o
    0x0800182a   0x00000002   PAD
    0x0800182c   0x0000001c   Code   RO          480    i.MX_FATFS_Init     fatfs.o
    0x08001848   0x00000108   Code   RO          226    i.MX_GPIO_Init      main.o
    0x08001950   0x00000054   Code   RO          227    i.MX_I2C1_Init      main.o
    0x080019a4   0x00000048   Code   RO          228    i.MX_SPI1_Init      main.o
    0x080019ec   0x00000038   Code   RO          229    i.MX_USART1_UART_Init  main.o
    0x08001a24   0x00000002   Code   RO          135    i.NMI_Handler       stm32f0xx_it.o
    0x08001a26   0x00000002   PAD
    0x08001a28   0x00000044   Code   RO         2211    i.NVIC_SetPriority  stm32f0xx_hal_cortex.o
    0x08001a6c   0x0000004c   Code   RO         3537    i.SPI_EndRxTxTransaction  stm32f0xx_hal_spi.o
    0x08001ab8   0x00000096   Code   RO         3542    i.SPI_WaitFifoStateUntilTimeout  stm32f0xx_hal_spi.o
    0x08001b4e   0x0000008c   Code   RO         3543    i.SPI_WaitFlagStateUntilTimeout  stm32f0xx_hal_spi.o
    0x08001bda   0x00000002   Code   RO         4399    i.SVC_Handler       port.o
    0x08001bdc   0x0000000c   Code   RO          230    i.StartDefaultTask  main.o
    0x08001be8   0x00000008   Code   RO          136    i.SysTick_Handler   stm32f0xx_it.o
    0x08001bf0   0x0000007c   Code   RO          231    i.SystemClock_Config  main.o
    0x08001c6c   0x0000005c   Code   RO            4    i.SystemInit        system_stm32f0xx.o
    0x08001cc8   0x00000010   Code   RO          137    i.TIM6_DAC_IRQHandler  stm32f0xx_it.o
    0x08001cd8   0x00000094   Code   RO          899    i.TIM_Base_SetConfig  stm32f0xx_hal_tim.o
    0x08001d6c   0x000000ca   Code   RO         1489    i.UART_AdvFeatureConfig  stm32f0xx_hal_uart.o
    0x08001e36   0x00000002   PAD
    0x08001e38   0x00000074   Code   RO         1490    i.UART_CheckIdleState  stm32f0xx_hal_uart.o
    0x08001eac   0x0000015c   Code   RO         1505    i.UART_SetConfig    stm32f0xx_hal_uart.o
    0x08002008   0x00000062   Code   RO         1507    i.UART_WaitOnFlagUntilTimeout  stm32f0xx_hal_uart.o
    0x0800206a   0x00000002   PAD
    0x0800206c   0x00000020   Code   RO          399    i.USER_initialize   user_diskio.o
    0x0800208c   0x00000030   Code   RO          400    i.USER_ioctl        user_diskio.o
    0x080020bc   0x00000030   Code   RO          401    i.USER_read         user_diskio.o
    0x080020ec   0x00000020   Code   RO          402    i.USER_status       user_diskio.o
    0x0800210c   0x00000030   Code   RO          403    i.USER_write        user_diskio.o
    0x0800213c   0x00000020   Code   RO         5515    i.__0printf$8       mc_p.l(printf8.o)
    0x0800215c   0x0000000e   Code   RO         5611    i.__scatterload_copy  mc_p.l(handlers.o)
    0x0800216a   0x00000002   Code   RO         5612    i.__scatterload_null  mc_p.l(handlers.o)
    0x0800216c   0x0000000e   Code   RO         5613    i.__scatterload_zeroinit  mc_p.l(handlers.o)
    0x0800217a   0x00000002   PAD
    0x0800217c   0x00000428   Code   RO         5522    i._printf_core      mc_p.l(printf8.o)
    0x080025a4   0x00000020   Code   RO         5523    i._printf_post_padding  mc_p.l(printf8.o)
    0x080025c4   0x0000002c   Code   RO         5524    i._printf_pre_padding  mc_p.l(printf8.o)
    0x080025f0   0x0000002e   Code   RO          532    i.crc16             sd_util.o
    0x0800261e   0x00000018   Code   RO          534    i.crc7_one          sd_util.o
    0x08002636   0x00000002   PAD
    0x08002638   0x00000018   Code   RO          233    i.fputc             main.o
    0x08002650   0x0000004e   Code   RO          535    i.hwif_init         sd_util.o
    0x0800269e   0x00000002   PAD
    0x080026a0   0x00000040   Code   RO          235    i.main              main.o
    0x080026e0   0x0000000c   Code   RO         4756    i.makeFreeRtosPriority  cmsis_os.o
    0x080026ec   0x00000010   Code   RO         4758    i.osDelay           cmsis_os.o
    0x080026fc   0x0000000a   Code   RO         4761    i.osKernelStart     cmsis_os.o
    0x08002706   0x00000010   Code   RO         4794    i.osSystickHandler  cmsis_os.o
    0x08002716   0x0000002e   Code   RO         4795    i.osThreadCreate    cmsis_os.o
    0x08002744   0x00000044   Code   RO          536    i.print_r1          sd_util.o
    0x08002788   0x00000058   Code   RO         4470    i.prvAddCurrentTaskToDelayedList  tasks.o
    0x080027e0   0x000000b8   Code   RO         4471    i.prvAddNewTaskToReadyList  tasks.o
    0x08002898   0x00000050   Code   RO         4472    i.prvCheckTasksWaitingTermination  tasks.o
    0x080028e8   0x00000012   Code   RO         4473    i.prvDeleteTCB      tasks.o
    0x080028fa   0x00000002   PAD
    0x080028fc   0x00000018   Code   RO         4474    i.prvIdleTask       tasks.o
    0x08002914   0x00000078   Code   RO         4475    i.prvInitialiseNewTask  tasks.o
    0x0800298c   0x00000020   Code   RO         4476    i.prvResetNextTaskUnblockTime  tasks.o
    0x080029ac   0x00000014   Code   RO         4400    i.prvTaskExitError  port.o
    0x080029c0   0x00000050   Code   RO         4365    i.pvPortMalloc      heap_1.o
    0x08002a10   0x00000020   Code   RO         4401    i.pxPortInitialiseStack  port.o
    0x08002a30   0x00000068   Code   RO          537    i.sd_cmd            sd_util.o
    0x08002a98   0x00000098   Code   RO          538    i.sd_get_data       sd_util.o
    0x08002b30   0x0000001a   Code   RO          539    i.sd_get_r1         sd_util.o
    0x08002b4a   0x00000036   Code   RO          540    i.sd_get_r7         sd_util.o
    0x08002b80   0x00000488   Code   RO          541    i.sd_init           sd_util.o
    0x08003008   0x00000012   Code   RO          542    i.sd_nec            sd_util.o
    0x0800301a   0x00000002   PAD
    0x0800301c   0x00000088   Code   RO          543    i.sd_put_data       sd_util.o
    0x080030a4   0x00000068   Code   RO          544    i.sd_read           sd_util.o
    0x0800310c   0x0000010c   Code   RO          545    i.sd_read_cid       sd_util.o
    0x08003218   0x00000310   Code   RO          546    i.sd_read_csd       sd_util.o
    0x08003528   0x000000a4   Code   RO          547    i.sd_read_status    sd_util.o
    0x080035cc   0x000000c8   Code   RO          548    i.sd_readsector     sd_util.o
    0x08003694   0x00000068   Code   RO          549    i.sd_write          sd_util.o
    0x080036fc   0x000000f4   Code   RO          550    i.sd_writesector    sd_util.o
    0x080037f0   0x0000003c   Code   RO          551    i.spi_set_speed     sd_util.o
    0x0800382c   0x00000028   Code   RO          552    i.spi_txrx          sd_util.o
    0x08003854   0x00000024   Code   RO         5248    i.uxListRemove      list.o
    0x08003878   0x00000016   Code   RO         5249    i.vListInitialise   list.o
    0x0800388e   0x00000006   Code   RO         5250    i.vListInitialiseItem  list.o
    0x08003894   0x00000030   Code   RO         5251    i.vListInsert       list.o
    0x080038c4   0x00000018   Code   RO         5252    i.vListInsertEnd    list.o
    0x080038dc   0x00000018   Code   RO         4403    i.vPortEnterCritical  port.o
    0x080038f4   0x0000001c   Code   RO         4404    i.vPortExitCritical  port.o
    0x08003910   0x0000000a   Code   RO         4366    i.vPortFree         heap_1.o
    0x0800391a   0x00000002   PAD
    0x0800391c   0x00000024   Code   RO         4405    i.vPortSetupTimerInterrupt  port.o
    0x08003940   0x00000018   Code   RO         4406    i.vPortYield        port.o
    0x08003958   0x00000030   Code   RO         4484    i.vTaskDelay        tasks.o
    0x08003988   0x0000004c   Code   RO         4495    i.vTaskStartScheduler  tasks.o
    0x080039d4   0x00000010   Code   RO         4497    i.vTaskSuspendAll   tasks.o
    0x080039e4   0x00000058   Code   RO         4498    i.vTaskSwitchContext  tasks.o
    0x08003a3c   0x00000030   Code   RO         4407    i.xPortStartScheduler  port.o
    0x08003a6c   0x00000024   Code   RO         4408    i.xPortSysTickHandler  port.o
    0x08003a90   0x0000004e   Code   RO         4500    i.xTaskCreate       tasks.o
    0x08003ade   0x00000002   PAD
    0x08003ae0   0x00000020   Code   RO         4504    i.xTaskGetSchedulerState  tasks.o
    0x08003b00   0x000000bc   Code   RO         4507    i.xTaskIncrementTick  tasks.o
    0x08003bbc   0x000000ac   Code   RO         4513    i.xTaskResumeAll    tasks.o
    0x08003c68   0x00000010   Data   RO            5    .constdata          system_stm32f0xx.o
    0x08003c78   0x00000008   Data   RO            6    .constdata          system_stm32f0xx.o
    0x08003c80   0x00000014   Data   RO          239    .constdata          main.o
    0x08003c94   0x00000052   Data   RO          554    .constdata          sd_util.o
    0x08003ce6   0x00000002   PAD
    0x08003ce8   0x0000000c   Data   RO          240    .conststring        main.o
    0x08003cf4   0x00000474   Data   RO          555    .conststring        sd_util.o
    0x08004168   0x00000020   Data   RO         5609    Region$$Table       anon$$obj.o


    Execution Region RW_IRAM1 (Base: 0x20000000, Size: 0x000018d8, Max: 0x00004000, ABSOLUTE, COMPRESSED[0x00000064])

    Base Addr    Size         Type   Attr      Idx    E Section Name        Object

    0x20000000   0x00000004   Data   RW            7    .data               system_stm32f0xx.o
    0x20000004   0x0000016c   Data   RW          241    .data               main.o
    0x20000170   0x00000001   Data   RW          406    .data               user_diskio.o
    0x20000171   0x00000003   PAD
    0x20000174   0x00000014   Data   RW          407    .data               user_diskio.o
    0x20000188   0x00000005   Data   RW          481    .data               fatfs.o
    0x2000018d   0x00000003   PAD
    0x20000190   0x00000058   Data   RW          556    .data               sd_util.o
    0x200001e8   0x00000004   Data   RW         1810    .data               stm32f0xx_hal.o
    0x200001ec   0x00000008   Data   RW         4370    .data               heap_1.o
    0x200001f4   0x00000004   Data   RW         4409    .data               port.o
    0x200001f8   0x0000003c   Data   RW         4516    .data               tasks.o
    0x20000234   0x00000004   Data   RW         5585    .data               mc_p.l(stdout.o)
    0x20000238   0x00000152   Zero   RW          236    .bss                main.o
    0x2000038a   0x00000002   PAD
    0x2000038c   0x00000010   Zero   RW          405    .bss                user_diskio.o
    0x2000039c   0x00000040   Zero   RW          778    .bss                stm32f0xx_hal_timebase_tim.o
    0x200003dc   0x0000000c   Zero   RW         4260    .bss                ff_gen_drv.o
    0x200003e8   0x00001000   Zero   RW         4369    .bss                heap_1.o
    0x200013e8   0x000000f0   Zero   RW         4515    .bss                tasks.o
    0x200014d8   0x00000400   Zero   RW         3809    STACK               startup_stm32f072xb.o


==============================================================================

Image component sizes


      Code (inc. data)   RO Data    RW Data    ZI Data      Debug   Object Name

       100          0          0          0          0       7732   cmsis_os.o
        28         10          0          5          0        956   fatfs.o
        74          4          0          0         12       1611   ff_gen_drv.o
        90         12          0          8       4096       2211   heap_1.o
       136          0          0          0          0       3378   list.o
       720         82         32        364        338      14337   main.o
       370         58          0          4          0       7415   port.o
      3834        724       1222         88          0      15431   sd_util.o
        28          8        192          0       1024        600   startup_stm32f072xb.o
        88         18          0          4          0       3048   stm32f0xx_hal.o
       168         28          0          0          0       9499   stm32f0xx_hal_cortex.o
       584         56          0          0          0       3110   stm32f0xx_hal_gpio.o
       180          4          0          0          0       2927   stm32f0xx_hal_i2c.o
       146          0          0          0          0       1907   stm32f0xx_hal_i2c_ex.o
       312         46          0          0          0       3221   stm32f0xx_hal_msp.o
      1560        112          0          0          0       5806   stm32f0xx_hal_rcc.o
       288         14          0          0          0       1508   stm32f0xx_hal_rcc_ex.o
      1550          0          0          0          0       7809   stm32f0xx_hal_spi.o
       586         24          0          0          0       6716   stm32f0xx_hal_tim.o
         4          0          0          0          0       1558   stm32f0xx_hal_tim_ex.o
       120         22          0          0         64       1448   stm32f0xx_hal_timebase_tim.o
      1082         46          0          0          0       5993   stm32f0xx_hal_uart.o
        28          6          0          0          0      18034   stm32f0xx_it.o
         0          0          0          0          0       1472   syscall.o
        92         16         24          4          0     498175   system_stm32f0xx.o
      1244         96          0         60        240      14847   tasks.o
       208         38          0         21         16       4183   user_diskio.o

    ----------------------------------------------------------------------
     13642       1424       1504        564       5792     644932   Object Totals
         0          0         32          0          0          0   (incl. Generated)
        22          0          2          6          2          0   (incl. Padding)

    ----------------------------------------------------------------------

      Code (inc. data)   RO Data    RW Data    ZI Data      Debug   Library Member Name

        86          0          0          0          0          0   __dczerorl2.o
         0          0          0          0          0          0   entry.o
         0          0          0          0          0          0   entry10a.o
         0          0          0          0          0          0   entry11a.o
         8          4          0          0          0          0   entry2.o
         4          0          0          0          0          0   entry5.o
         0          0          0          0          0          0   entry7b.o
         0          0          0          0          0          0   entry8b.o
         8          4          0          0          0          0   entry9a.o
        30          0          0          0          0          0   handlers.o
        40          0          0          0          0         72   idiv.o
        36          8          0          0          0         68   init.o
        32          0          0          0          0         68   llshl.o
        34          0          0          0          0         68   llushr.o
        36          0          0          0          0         60   memcpya.o
      1172         52          0          0          0        324   printf8.o
         0          0          0          4          0          0   stdout.o
        44          0          0          0          0         72   uidiv.o
        96          0          0          0          0         84   uldiv.o

    ----------------------------------------------------------------------
      1630         68          0          4          0        816   Library Totals
         4          0          0          0          0          0   (incl. Padding)

    ----------------------------------------------------------------------

      Code (inc. data)   RO Data    RW Data    ZI Data      Debug   Library Name

      1626         68          0          4          0        816   mc_p.l

    ----------------------------------------------------------------------
      1630         68          0          4          0        816   Library Totals

    ----------------------------------------------------------------------

==============================================================================


      Code (inc. data)   RO Data    RW Data    ZI Data      Debug   

     15272       1492       1504        568       5792     640024   Grand Totals
     15272       1492       1504        100       5792     640024   ELF Image Totals (compressed)
     15272       1492       1504        100          0          0   ROM Totals

==============================================================================

    Total RO  Size (Code + RO Data)                16776 (  16.38kB)
    Total RW  Size (RW Data + ZI Data)              6360 (   6.21kB)
    Total ROM Size (Code + RO Data + RW Data)      16876 (  16.48kB)

==============================================================================

